Booting Linux on physical CPU 0x0
Linux version 5.15.0 (nguyendangquang@nguyendangquang-Bellator) (arm-linux-gnueabihf-gcc (Ubuntu 13.3.0-6ubuntu2~24.04.1) 13.3.0, GNU ld (GNU Binutils for Ubuntu) 2.42) #3 SMP Tue Sep 29 18:44:24 +07 2026
CPU: ARMv7 Processor [410fc090] revision 0 (ARMv7), cr=10c5387d
CPU: PIPT / VIPT nonaliasing data cache, VIPT nonaliasing instruction cache
OF: fdt: Machine model: V2P-CA9
Memory policy: Data cache writealloc
Reserved memory: created DMA memory pool at 0x4c000000, size 8 MiB
OF: reserved mem: initialized node vram@4c000000, compatible id shared-dma-pool
cma: Reserved 16 MiB at 0x7f000000
Zone ranges:
  Normal   [mem 0x0000000060000000-0x000000007fffffff]
Movable zone start for each node
Early memory node ranges
  node   0: [mem 0x0000000060000000-0x000000007fffffff]
Initmem setup node 0 [mem 0x0000000060000000-0x000000007fffffff]
percpu: Embedded 15 pages/cpu s30156 r8192 d23092 u61440
Built 1 zonelists, mobility grouping on.  Total pages: 130048
Kernel command line: console=ttyAMA0,115200 rdinit=/sbin/init mem=512M
printk: log_buf_len individual max cpu contribution: 4096 bytes
printk: log_buf_len total cpu_extra contributions: 12288 bytes
printk: log_buf_len min size: 16384 bytes
printk: log_buf_len: 32768 bytes
printk: early log buf free: 14964(91%)
Dentry cache hash table entries: 65536 (order: 6, 262144 bytes, linear)
Inode-cache hash table entries: 32768 (order: 5, 131072 bytes, linear)
mem auto-init: stack:all(zero), heap alloc:off, heap free:off
Memory: 489832K/524288K available (8192K kernel code, 593K rwdata, 1800K rodata, 1024K init, 151K bss, 18072K reserved, 16384K cma-reserved)
SLUB: HWalign=64, Order=0-3, MinObjects=0, CPUs=4, Nodes=1
trace event string verifier disabled
rcu: Hierarchical RCU implementation.
rcu: 	RCU event tracing is enabled.
rcu: 	RCU restricting CPUs from NR_CPUS=8 to nr_cpu_ids=4.
rcu: RCU calculated value of scheduler-enlistment delay is 10 jiffies.
rcu: Adjusting geometry for rcu_fanout_leaf=16, nr_cpu_ids=4
NR_IRQS: 16, nr_irqs: 16, preallocated irqs: 16
L2C: platform modifies aux control register: 0x02020000 -> 0x02420000
L2C: DT/platform modifies aux control register: 0x02020000 -> 0x02420000
L2C-310 enabling early BRESP for Cortex-A9
L2C-310 full line of zeros enabled for Cortex-A9
L2C-310 dynamic clock gating disabled, standby mode disabled
L2C-310 cache controller enabled, 8 ways, 128 kB
L2C-310: CACHE_ID 0x410000c8, AUX_CTRL 0x46420001
random: get_random_bytes called from start_kernel+0x4fc/0x6b0 with crng_init=0
sched_clock: 32 bits at 24MHz, resolution 41ns, wraps every 89478484971ns
clocksource: arm,sp804: mask: 0xffffffff max_cycles: 0xffffffff, max_idle_ns: 1911260446275 ns
Failed to initialize '/bus@40000000/motherboard-bus@40000000/iofpga@7,00000000/timer@12000': -22
smp_twd: clock not found -2
Console: colour dummy device 80x30
Calibrating local timer... 97.16MHz.
Calibrating delay loop... 2210.20 BogoMIPS (lpj=11051008)
pid_max: default: 32768 minimum: 301
Mount-cache hash table entries: 1024 (order: 0, 4096 bytes, linear)
Mountpoint-cache hash table entries: 1024 (order: 0, 4096 bytes, linear)
CPU: Testing write buffer coherency: ok
CPU0: Spectre v2: using BPIALL workaround
CPU0: thread -1, cpu 0, socket 0, mpidr 80000000
Setting up static identity map for 0x60100000 - 0x60100060
rcu: Hierarchical SRCU implementation.
smp: Bringing up secondary CPUs ...
CPU1: thread -1, cpu 1, socket 0, mpidr 80000001
CPU1: Spectre v2: using BPIALL workaround
CPU2: failed to boot: -38
CPU3: failed to boot: -38
smp: Brought up 1 node, 2 CPUs
SMP: Total of 2 processors activated (3941.99 BogoMIPS).
CPU: All CPU(s) started in SVC mode.
devtmpfs: initialized
VFP support v0.3: implementor 41 architecture 3 part 30 variant 9 rev 0
clocksource: jiffies: mask: 0xffffffff max_cycles: 0xffffffff, max_idle_ns: 19112604462750000 ns
futex hash table entries: 1024 (order: 4, 65536 bytes, linear)
NET: Registered PF_NETLINK/PF_ROUTE protocol family
DMA: preallocated 256 KiB pool for atomic coherent allocations
cpuidle: using governor ladder
hw-breakpoint: debug architecture 0x4 unsupported.
Serial: AMBA PL011 UART driver
irq: type mismatch, failed to map hwirq-75 for interrupt-controller@1e001000!
SCSI subsystem initialized
usbcore: registered new interface driver usbfs
usbcore: registered new interface driver hub
usbcore: registered new device driver usb
pps_core: LinuxPPS API ver. 1 registered
pps_core: Software ver. 5.3.6 - Copyright 2005-2007 Rodolfo Giometti <giometti@linux.it>
PTP clock support registered
Advanced Linux Sound Architecture Driver Initialized.
clocksource: Switched to clocksource arm,sp804
NET: Registered PF_INET protocol family
IP idents hash table entries: 8192 (order: 4, 65536 bytes, linear)
tcp_listen_portaddr_hash hash table entries: 512 (order: 0, 6144 bytes, linear)
TCP established hash table entries: 4096 (order: 2, 16384 bytes, linear)
TCP bind hash table entries: 4096 (order: 3, 32768 bytes, linear)
TCP: Hash tables configured (established 4096 bind 4096)
UDP hash table entries: 256 (order: 1, 8192 bytes, linear)
UDP-Lite hash table entries: 256 (order: 1, 8192 bytes, linear)
NET: Registered PF_UNIX/PF_LOCAL protocol family
RPC: Registered named UNIX socket transport module.
RPC: Registered udp transport module.
RPC: Registered tcp transport module.
RPC: Registered tcp NFSv4.1 backchannel transport module.
Unpacking initramfs...
hw perfevents: enabled with armv7_cortex_a9 PMU driver, 7 counters available
workingset: timestamp_bits=30 max_order=17 bucket_order=0
squashfs: version 4.0 (2009/01/31) Phillip Lougher
jffs2: version 2.2. (NAND) © 2001-2006 Red Hat, Inc.
9p: Installing v9fs 9p2000 file system support
io scheduler mq-deadline registered
io scheduler kyber registered
sii902x 0-0060: supply iovcc not found, using dummy regulator
sii902x 0-0060: supply cvcc12 not found, using dummy regulator
Freeing initrd memory: 1048K
physmap-flash 40000000.flash: physmap platform flash device: [mem 0x40000000-0x43ffffff]
40000000.flash: Found 2 x16 devices at 0x0 in 32-bit bank. Manufacturer ID 0x000000 Chip ID 0x000000
Intel/Sharp Extended Query Table at 0x0031
Using buffer write method
physmap-flash 40000000.flash: physmap platform flash device: [mem 0x44000000-0x47ffffff]
40000000.flash: Found 2 x16 devices at 0x0 in 32-bit bank. Manufacturer ID 0x000000 Chip ID 0x000000
Intel/Sharp Extended Query Table at 0x0031
Using buffer write method
Concatenating MTD devices:
(0): "40000000.flash"
(1): "40000000.flash"
into device "40000000.flash"
physmap-flash 48000000.psram: physmap platform flash device: [mem 0x48000000-0x49ffffff]
libphy: Fixed MDIO Bus: probed
libphy: smsc911x-mdio: probed
smsc911x 4e000000.ethernet eth0: MAC Address: 52:54:00:12:34:56
isp1760 4f000000.usb: isp1760 bus width: 32, oc: digital
isp1760 4f000000.usb: NXP ISP1760 USB Host Controller
isp1760 4f000000.usb: new USB bus registered, assigned bus number 1
isp1760 4f000000.usb: Scratch test failed. 0x00000000
isp1760 4f000000.usb: can't setup: -19
isp1760 4f000000.usb: USB bus 1 deregistered
usbcore: registered new interface driver usb-storage
ledtrig-cpu: registered to indicate activity on CPUs
usbcore: registered new interface driver usbhid
usbhid: USB HID core driver
NET: Registered PF_PACKET protocol family
9pnet: Installing 9P2000 support
Registering SWP/SWPB emulation handler
aaci-pl041 10004000.aaci: ARM AC'97 Interface PL041 rev0 at 0x10004000, irq 32
aaci-pl041 10004000.aaci: FIFO 512 entries
mmci-pl18x 10005000.mmci: Got CD GPIO
mmci-pl18x 10005000.mmci: Got WP GPIO
mmci-pl18x 10005000.mmci: mmc0: PL181 manf 41 rev0 at 0x10005000 irq 33,34 (pio)
10009000.uart: ttyAMA0 at MMIO 0x10009000 (irq = 37, base_baud = 0) is a PL011 rev1
printk: console [ttyAMA0] enabled
1000a000.uart: ttyAMA1 at MMIO 0x1000a000 (irq = 38, base_baud = 0) is a PL011 rev1
1000b000.uart: ttyAMA2 at MMIO 0x1000b000 (irq = 39, base_baud = 0) is a PL011 rev1
1000c000.uart: ttyAMA3 at MMIO 0x1000c000 (irq = 40, base_baud = 0) is a PL011 rev1
rtc-pl031 10017000.rtc: registered as rtc0
rtc-pl031 10017000.rtc: setting system clock to 2026-10-07T19:10:57 UTC (1791400257)
amba 10020000.clcd: Fixing up cyclic dependency with 0-0039
drm-clcd-pl111 10020000.clcd: DVI muxed to daughterboard 1 (core tile) CLCD
drm-clcd-pl111 10020000.clcd: initializing Versatile Express PL111
sii902x 0-0039: supply iovcc not found, using dummy regulator
sii902x 0-0039: supply cvcc12 not found, using dummy regulator
i2c i2c-0: Added multiplexed i2c bus 2
drm-clcd-pl111 1001f000.clcd: assigned reserved memory node vram@4c000000
drm-clcd-pl111 1001f000.clcd: using device-specific reserved memory
drm-clcd-pl111 1001f000.clcd: core tile graphics present
drm-clcd-pl111 1001f000.clcd: this device will be deactivated
drm-clcd-pl111 1001f000.clcd: Versatile Express init failed - -19
drm-clcd-pl111 10020000.clcd: DVI muxed to daughterboard 1 (core tile) CLCD
drm-clcd-pl111 10020000.clcd: initializing Versatile Express PL111
drm-clcd-pl111 10020000.clcd: found bridge on endpoint 0
drm-clcd-pl111 10020000.clcd: Using non-panel bridge
[drm] Initialized pl111 1.0.0 20170317 for 10020000.clcd on minor 0
input: AT Raw Set 2 keyboard as /devices/platform/bus@40000000/bus@40000000:motherboard-bus@40000000/bus@40000000:motherboard-bus@40000000:iofpga@7,00000000/10006000.kmi/serio0/input/input0
Console: switching to colour frame buffer device 128x48
drm-clcd-pl111 10020000.clcd: [drm] fb0: pl111 frame buffer device
ALSA device list:
  #0: ARM AC'97 Interface PL041 rev0 at 0x10004000, irq 32
Freeing unused kernel image (initmem) memory: 1024K
Run /sbin/init as init process
Boot completed! Welcome to Embedded Linux Lab 1

Please press Enter to activate this console. input: ImExPS/2 Generic Explorer Mouse as /devices/platform/bus@40000000/bus@40000000:motherboard-bus@40000000/bus@40000000:motherboard-bus@40000000:iofpga@7,00000000/10007000.kmi/serio1/input/input2
random: fast init done

/ # uname -a
Linux embedded-lab 5.15.0 #3 SMP Tue Sep 29 18:44:24 +07 2026 armv7l GNU/Linux
/ # cat /proc/cpuinfo
processor	: 0
model name	: ARMv7 Processor rev 0 (v7l)
BogoMIPS	: 2210.20
Features	: half thumb fastmult vfp edsp neon vfpv3 tls vfpd32 
CPU implementer	: 0x41
CPU architecture: 7
CPU variant	: 0x0
CPU part	: 0xc09
CPU revision	: 0

processor	: 1
model name	: ARMv7 Processor rev 0 (v7l)
BogoMIPS	: 1731.78
Features	: half thumb fastmult vfp edsp neon vfpv3 tls vfpd32 
CPU implementer	: 0x41
CPU architecture: 7
CPU variant	: 0x0
CPU part	: 0xc09
CPU revision	: 0

Hardware	: ARM-Versatile Express
Revision	: 0000
Serial		: 0000000000000000
/ # cat /proc/meminfo | head -5
MemTotal:         508288 kB
MemFree:          493056 kB
MemAvailable:     490292 kB
Buffers:               0 kB
Cached:             1516 kB
/ # ls /dev
[1;35mconsole[m  [1;35mnull[m     [1;35mrandom[m   [1;35mzero[m
/ # mount
rootfs on / type rootfs (rw,size=244916k,nr_inodes=61229)
none on /proc type proc (rw,relatime)
none on /sys type sysfs (rw,relatime)
none on /tmp type tmpfs (rw,relatime)
/ # ps
PID   USER     TIME  COMMAND
    1 root      0:02 init
    2 root      0:00 [kthreadd]
    3 root      0:00 [rcu_gp]
    4 root      0:00 [rcu_par_gp]
    5 root      0:00 [kworker/0:0-eve]
    6 root      0:00 [kworker/0:0H]
    7 root      0:00 [kworker/u8:0-ev]
    8 root      0:00 [mm_percpu_wq]
    9 root      0:00 [ksoftirqd/0]
   10 root      0:00 [rcu_sched]
   11 root      0:00 [migration/0]
   12 root      0:00 [cpuhp/0]
   13 root      0:00 [cpuhp/1]
   14 root      0:00 [migration/1]
   15 root      0:00 [ksoftirqd/1]
   16 root      0:00 [kworker/1:0-rcu]
   17 root      0:00 [kworker/1:0H-ev]
   18 root      0:00 [cpuhp/2]
   19 root      0:00 [migration/2]
   20 root      0:00 [ksoftirqd/2]
   21 root      0:00 [kworker/2:0]
   22 root      0:00 [kworker/2:0H]
   23 root      0:00 [cpuhp/3]
   24 root      0:00 [kworker/0:1-rcu]
   25 root      0:00 [migration/3]
   26 root      0:00 [ksoftirqd/3]
   27 root      0:00 [kworker/3:0]
   28 root      0:00 [kworker/3:0H]
   29 root      0:00 [kdevtmpfs]
   30 root      0:00 [inet_frag_wq]
   31 root      0:00 [kworker/1:1-pm]
   32 root      0:00 [khungtaskd]
   33 root      0:00 [oom_reaper]
   34 root      0:00 [writeback]
   35 root      0:00 [kcompactd0]
   36 root      0:00 [kblockd]
   37 root      0:00 [ata_sff]
   38 root      0:00 [kworker/u8:1-ev]
   39 root      0:00 [rpciod]
   40 root      0:00 [kworker/1:1H]
   41 root      0:00 [kworker/u9:0]
   42 root      0:00 [xprtiod]
   43 root      0:00 [kworker/u8:2-ev]
   44 root      0:00 [kswapd0]
   45 root      0:00 [nfsiod]
   46 root      0:00 [kworker/1:2-eve]
   50 root      0:00 [irq/33-mmci-pl1]
   51 root      0:00 [kworker/1:3-rcu]
   52 root      0:00 [card0-crtc0]
   53 root      0:00 [kworker/0:2-eve]
   59 root      0:00 -/bin/sh
   66 root      0:00 ps
/ # cat /sys/devices/system/cpu/online
0-1
/ # qemu-system-arm: terminating on signal 15 from pid 58152 ()
