  CC      scripts/mod/empty.o
  CC      scripts/mod/devicetable-offsets.s
  MKELF   scripts/mod/elfconfig.h
  HOSTCC  scripts/mod/modpost.o
  HOSTCC  scripts/mod/sumversion.o
  HOSTCC  scripts/mod/file2alias.o
  HOSTLD  scripts/mod/modpost
  CC      kernel/bounds.s
  CALL    scripts/atomic/check-atomics.sh
  CC      arch/arm/kernel/asm-offsets.s
  CALL    scripts/checksyscalls.sh
  CC      arch/arm/vdso/vgettimeofday.o
  CC      arch/arm/vdso/note.o
  CC      arch/arm/vfp/vfpmodule.o
  CC      arch/arm/probes/decode.o
  CC      arch/arm/probes/decode-arm.o
  CC      arch/arm/vfp/vfpsingle.o
  CC      arch/arm/vfp/vfpdouble.o
  CC      init/main.o
  CC      arch/arm/mach-vexpress/v2m.o
  CC      arch/arm/common/firmware.o
  CC      arch/arm/plat-versatile/platsmp.o
  CC      arch/arm/mm/extable.o
  CC      arch/arm/mm/fault.o
  CC      arch/arm/kernel/elf.o
  CC      kernel/fork.o
  CC      arch/arm/mach-vexpress/dcscb.o
  LD      arch/arm/vdso/vdso.so.raw
arm-linux-gnueabihf-ld: warning: arch/arm/vdso/datapage.o: missing .note.GNU-stack section implies executable stack
arm-linux-gnueabihf-ld: NOTE: This behaviour is deprecated and will be removed in a future version of the linker
  MUNGE   arch/arm/vdso/vdso.so.dbg
  CC      arch/arm/mm/init.o
  OBJCOPY arch/arm/vdso/vdso.so
  AS      arch/arm/vdso/vdso.o
  CC      arch/arm/mm/iomap.o
  AR      arch/arm/vdso/built-in.a
  CC      kernel/exec_domain.o
  CC      arch/arm/kernel/irq.o
  CC      arch/arm/plat-versatile/hotplug.o
  CC      arch/arm/probes/uprobes/core.o
  CC      arch/arm/common/mcpm_entry.o
  CC      arch/arm/mm/dma-mapping.o
  AR      arch/arm/plat-versatile/built-in.a
  CC      arch/arm/mach-vexpress/spc.o
  CC      mm/filemap.o
  CHK     include/generated/compile.h
  CC      mm/mempool.o
  CC      init/do_mounts.o
  CC      arch/arm/probes/uprobes/actions-arm.o
  CC      arch/arm/common/mcpm_platsmp.o
  AR      arch/arm/vfp/built-in.a
  CC      arch/arm/kernel/opcodes.o
  CC      mm/oom_kill.o
  CC      arch/arm/kernel/process.o
  CC      arch/arm/kernel/ptrace.o
  CC      arch/arm/mm/fault-armv.o
  AR      arch/arm/probes/uprobes/built-in.a
  AR      arch/arm/probes/built-in.a
  CC      arch/arm/mach-vexpress/tc2_pm.o
  CC      kernel/panic.o
  AR      arch/arm/common/built-in.a
  CC      arch/arm/mm/flush.o
  CC      kernel/cpu.o
  CC      init/do_mounts_initrd.o
  CC      arch/arm/mach-vexpress/platsmp.o
  CC      init/initramfs.o
  CC      mm/fadvise.o
  CC      fs/open.o
  CC      arch/arm/mm/idmap.o
  AR      arch/arm/mach-vexpress/built-in.a
  CC      ipc/util.o
  CC      fs/read_write.o
  CC      kernel/exit.o
  CC      arch/arm/mm/ioremap.o
  CC      ipc/msgutil.o
  CC      mm/maccess.o
  CC      arch/arm/kernel/reboot.o
  CC      init/calibrate.o
  CC      security/commoncap.o
  CC      init/init_task.o
  CC      arch/arm/mm/mmap.o
  CC      crypto/api.o
  CC      security/min_addr.o
  CC      ipc/msg.o
  CC      arch/arm/kernel/io.o
  CC      block/bdev.o
  CC      block/fops.o
  CC      arch/arm/kernel/setup.o
  CC      init/version.o
  CC      block/bio.o
  CC      crypto/cipher.o
  CC      arch/arm/mm/pgd.o
  CC      crypto/compress.o
  CC      crypto/memneq.o
  AR      init/built-in.a
  CC      kernel/softirq.o
  CC      crypto/algapi.o
  CC      block/elevator.o
  CC      arch/arm/mm/mmu.o
  CC      crypto/scatterwalk.o
  CC      security/device_cgroup.o
  CC      fs/file_table.o
  CC      arch/arm/mm/pageattr.o
  CC      mm/page-writeback.o
  CC      ipc/sem.o
  CC      arch/arm/kernel/signal.o
  CC      mm/readahead.o
  CC      kernel/resource.o
  AR      security/built-in.a
  CC      fs/super.o
  CC      block/blk-core.o
  CC      ipc/shm.o
  CC      crypto/proc.o
  CC      arch/arm/mm/proc-syms.o
  CC      crypto/ahash.o
  CC      arch/arm/kernel/stacktrace.o
  CC      crypto/shash.o
  CC      ipc/syscall.o
  CC      arch/arm/kernel/sys_arm.o
  CC      kernel/sysctl.o
  CC      arch/arm/mm/alignment.o
  CC      arch/arm/kernel/time.o
  CC      crypto/acompress.o
  CC      crypto/scompress.o
  CC      fs/char_dev.o
  CC      ipc/ipc_sysctl.o
  CC      arch/arm/kernel/traps.o
  CC      arch/arm/kernel/atags_parse.o
  CC      kernel/capability.o
  CC      block/blk-sysfs.o
  CC      arch/arm/mm/copypage-v6.o
  CC      fs/stat.o
  CC      fs/exec.o
  AR      ipc/built-in.a
  CC      fs/pipe.o
  CC      mm/swap.o
  CC      mm/truncate.o
  CC      block/blk-flush.o
  CC      crypto/deflate.o
  CC      arch/arm/mm/context.o
  CC      drivers/irqchip/irqchip.o
  CC      arch/arm/kernel/bugs.o
  CC      drivers/bus/arm-cci.o
  CC      arch/arm/kernel/cpuidle.o
  CC      kernel/ptrace.o
  CC      drivers/irqchip/irq-gic.o
  CC      arch/arm/mm/proc-v7-bugs.o
  CC      arch/arm/mm/l2c-common.o
  CC      crypto/crc32c_generic.o
  CC      arch/arm/mm/cache-l2x0.o
  CC      drivers/gpio/gpiolib.o
  CC      drivers/gpio/gpiolib-devres.o
  CC      drivers/gpio/gpiolib-legacy.o
  CC      block/blk-settings.o
  CC      arch/arm/kernel/armksyms.o
  CC      crypto/lzo.o
  CC      drivers/bus/simple-pm-bus.o
  CC      arch/arm/kernel/module.o
  CC      drivers/gpio/gpiolib-of.o
  CC      crypto/lzo-rle.o
  CC      block/blk-ioc.o
  CC      drivers/irqchip/irq-gic-common.o
  CC      arch/arm/kernel/module-plts.o
  CC      kernel/user.o
  CC      mm/vmscan.o
  CC      fs/namei.o
  CC      drivers/bus/vexpress-config.o
  CC      drivers/pci/of.o
  CC      crypto/zstd.o
  CC      crypto/hash_info.o
  CC      kernel/signal.o
  CC      drivers/gpio/gpiolib-cdev.o
  AR      arch/arm/mm/built-in.a
  CC      sound/sound_core.o
  AR      drivers/irqchip/built-in.a
  CC      mm/shmem.o
  CC      kernel/sys.o
  CC      drivers/video/hdmi.o
  AR      drivers/bus/built-in.a
  CC      arch/arm/kernel/suspend.o
  CC      fs/fcntl.o
  CC      block/blk-map.o
  AR      crypto/built-in.a
  CC      net/devres.o
  AR      drivers/pci/built-in.a
  CC      fs/ioctl.o
  CC      sound/core/sound.o
  CC      arch/arm/kernel/smp.o
  CC      net/socket.o
  CC      sound/core/init.o
  CC      drivers/gpio/gpio-mmio.o
  CC      block/blk-exec.o
  CC      drivers/video/console/dummycon.o
  CC      mm/util.o
  CC      net/core/sock.o
  CC      block/blk-merge.o
  CC      block/blk-timeout.o
  AR      drivers/video/console/built-in.a
  CC      drivers/video/logo/logo.o
  CC      sound/core/memory.o
  AR      drivers/gpio/built-in.a
  CC      fs/readdir.o
  CC      drivers/video/logo/logo_linux_mono.o
  CC      drivers/video/logo/logo_linux_vga16.o
  CC      drivers/video/logo/logo_linux_clut224.o
  AR      drivers/video/logo/built-in.a
  CC      arch/arm/kernel/smp_tlb.o
  CC      drivers/video/backlight/backlight.o
  CC      sound/core/control.o
  CC      fs/select.o
  CC      fs/dcache.o
  CC      mm/mmzone.o
  CC      arch/arm/kernel/smp_scu.o
  CC      drivers/amba/bus.o
  CC      drivers/clk/clk-devres.o
  AR      drivers/video/backlight/built-in.a
  CC      drivers/video/fbdev/core/fb_cmdline.o
  CC      kernel/umh.o
  CC      drivers/clk/clk-bulk.o
  CC      sound/core/misc.o
  CC      arch/arm/kernel/smp_twd.o
  CC      block/blk-lib.o
  CC      block/blk-mq.o
  CC      drivers/clk/clkdev.o
  CC      net/core/request_sock.o
  CC      fs/inode.o
  CC      mm/vmstat.o
  CC      arch/arm/kernel/arch_timer.o
  AR      drivers/amba/built-in.a
  CC      drivers/video/fbdev/core/fb_notify.o
  CC      drivers/video/fbdev/core/fbmem.o
  CC      net/core/skbuff.o
  CC      drivers/clk/clk.o
  CC      sound/core/device.o
  CC      kernel/workqueue.o
  CC      net/ethernet/eth.o
  CC      arch/arm/kernel/unwind.o
  CC      arch/arm/lib/delay.o
  CC      sound/core/info.o
  CC      arch/arm/kernel/devtree.o
kernel/workqueue.c: In function ‘get_work_pwq’:
kernel/workqueue.c:704:24: warning: cast to pointer from integer of different size [-Wint-to-pointer-cast]
  704 |                 return (void *)(data & WORK_STRUCT_WQ_DATA_MASK);
      |                        ^
kernel/workqueue.c: In function ‘get_work_pool’:
kernel/workqueue.c:732:25: warning: cast to pointer from integer of different size [-Wint-to-pointer-cast]
  732 |                 return ((struct pool_workqueue *)
      |                         ^
kernel/workqueue.c: In function ‘get_work_pool_id’:
kernel/workqueue.c:754:25: warning: cast to pointer from integer of different size [-Wint-to-pointer-cast]
  754 |                 return ((struct pool_workqueue *)
      |                         ^
  CC      drivers/video/display_timing.o
  CC      sound/pci/ac97/ac97_codec.o
  AR      arch/arm/lib/lib.a
  CC      fs/attr.o
In file included from ./include/linux/kernel.h:11,
                 from ./include/linux/list.h:9,
                 from ./include/linux/module.h:12,
                 from net/ethernet/eth.c:36:
net/ethernet/eth.c: In function ‘eth_type_trans’:
net/ethernet/eth.c:166:23: warning: ‘ether_addr_equal_64bits’ reading 8 bytes from a region of size 6 [-Wstringop-overread]
  166 |         if (unlikely(!ether_addr_equal_64bits(eth->h_dest,
      |                       ^~~~~~~~~~~~~~~~~~~~~~~~~~~~~~~~~~~~
  167 |                                               dev->dev_addr))) {
      |                                               ~~~~~~~~~~~~~~
./include/linux/compiler.h:78:45: note: in definition of macro ‘unlikely’
   78 | # define unlikely(x)    __builtin_expect(!!(x), 0)
      |                                             ^
net/ethernet/eth.c:166:23: note: referencing argument 1 of type ‘const u8[8]’ {aka ‘const unsigned char[8]’}
  166 |         if (unlikely(!ether_addr_equal_64bits(eth->h_dest,
      |                       ^~~~~~~~~~~~~~~~~~~~~~~~~~~~~~~~~~~~
  167 |                                               dev->dev_addr))) {
      |                                               ~~~~~~~~~~~~~~
./include/linux/compiler.h:78:45: note: in definition of macro ‘unlikely’
   78 | # define unlikely(x)    __builtin_expect(!!(x), 0)
      |                                             ^
net/ethernet/eth.c:166:23: note: referencing argument 2 of type ‘const u8[8]’ {aka ‘const unsigned char[8]’}
  166 |         if (unlikely(!ether_addr_equal_64bits(eth->h_dest,
      |                       ^~~~~~~~~~~~~~~~~~~~~~~~~~~~~~~~~~~~
  167 |                                               dev->dev_addr))) {
      |                                               ~~~~~~~~~~~~~~
./include/linux/compiler.h:78:45: note: in definition of macro ‘unlikely’
   78 | # define unlikely(x)    __builtin_expect(!!(x), 0)
      |                                             ^
In file included from net/ethernet/eth.c:47:
./include/linux/etherdevice.h:367:20: note: in a call to function ‘ether_addr_equal_64bits’
  367 | static inline bool ether_addr_equal_64bits(const u8 addr1[6+2],
      |                    ^~~~~~~~~~~~~~~~~~~~~~~
net/ethernet/eth.c:168:30: warning: ‘is_multicast_ether_addr_64bits’ reading 8 bytes from a region of size 6 [-Wstringop-overread]
  168 |                 if (unlikely(is_multicast_ether_addr_64bits(eth->h_dest))) {
./include/linux/compiler.h:78:45: note: in definition of macro ‘unlikely’
   78 | # define unlikely(x)    __builtin_expect(!!(x), 0)
      |                                             ^
net/ethernet/eth.c:168:30: note: referencing argument 1 of type ‘const u8[8]’ {aka ‘const unsigned char[8]’}
  168 |                 if (unlikely(is_multicast_ether_addr_64bits(eth->h_dest))) {
./include/linux/compiler.h:78:45: note: in definition of macro ‘unlikely’
   78 | # define unlikely(x)    __builtin_expect(!!(x), 0)
      |                                             ^
./include/linux/etherdevice.h:130:20: note: in a call to function ‘is_multicast_ether_addr_64bits’
  130 | static inline bool is_multicast_ether_addr_64bits(const u8 addr[6+2])
      |                    ^~~~~~~~~~~~~~~~~~~~~~~~~~~~~~
net/ethernet/eth.c:169:29: warning: ‘ether_addr_equal_64bits’ reading 8 bytes from a region of size 6 [-Wstringop-overread]
  169 |                         if (ether_addr_equal_64bits(eth->h_dest, dev->broadcast))
      |                             ^~~~~~~~~~~~~~~~~~~~~~~~~~~~~~~~~~~~~~~~~~~~~~~~~~~~
net/ethernet/eth.c:169:29: note: referencing argument 1 of type ‘const u8[8]’ {aka ‘const unsigned char[8]’}
net/ethernet/eth.c:169:29: note: referencing argument 2 of type ‘const u8[8]’ {aka ‘const unsigned char[8]’}
./include/linux/etherdevice.h:367:20: note: in a call to function ‘ether_addr_equal_64bits’
  367 | static inline bool ether_addr_equal_64bits(const u8 addr1[6+2],
      |                    ^~~~~~~~~~~~~~~~~~~~~~~
  CC      mm/backing-dev.o
  CC      net/core/datagram.o
  AR      net/ethernet/built-in.a
  CC      sound/core/vmaster.o
  CC      drivers/video/fbdev/core/fbmon.o
  CC      arch/arm/kernel/swp_emulate.o
  CC      fs/bad_inode.o
  CC      fs/file.o
  CC      sound/core/timer.o
  CC      fs/filesystems.o
  CC      net/core/stream.o
  CC      lib/argv_split.o
  CC      mm/mm_init.o
  CC      drivers/video/fbdev/core/fbcmap.o
  CC      arch/arm/kernel/hw_breakpoint.o
  CC      block/blk-mq-tag.o
  CC      lib/bug.o
  CC      mm/percpu.o
  CC      lib/buildid.o
  CC      drivers/video/videomode.o
  CC      drivers/video/fbdev/core/fbsysfs.o
  CC      drivers/video/of_display_timing.o
  CC      fs/namespace.o
  CC      drivers/clk/clk-divider.o
  CC      block/blk-stat.o
  CC      block/blk-mq-sysfs.o
  CC      kernel/pid.o
  CC      lib/cmdline.o
  CC      arch/arm/kernel/perf_regs.o
  CC      drivers/video/of_videomode.o
  CC      sound/arm/aaci.o
  CC      lib/cpumask.o
  CC      sound/core/pcm.o
  CC      arch/arm/kernel/perf_callchain.o
  CC      kernel/task_work.o
  CC      fs/seq_file.o
  CC      drivers/video/fbdev/core/modedb.o
  CC      block/blk-mq-cpumap.o
  CC      drivers/clk/clk-fixed-factor.o
  CC      lib/ctype.o
  CC      lib/dec_and_lock.o
  CC      lib/decompress.o
  CC      drivers/video/fbdev/core/fbcvt.o
  CC      net/core/scm.o
  CC      lib/decompress_bunzip2.o
  CC      arch/arm/kernel/perf_event_xscale.o
  CC      drivers/clk/clk-fixed-rate.o
  AR      sound/arm/built-in.a
  CC      arch/arm/kernel/perf_event_v6.o
  CC      drivers/video/fbdev/core/fb_defio.o
  CC      arch/arm/kernel/perf_event_v7.o
  CC      block/blk-mq-sched.o
  CC      mm/slab_common.o
  CC      kernel/extable.o
  CC      sound/core/pcm_native.o
  CC      lib/decompress_inflate.o
  CC      drivers/clk/clk-gate.o
  CC      kernel/params.o
  CC      sound/core/pcm_lib.o
  CC      sound/pci/ac97/ac97_pcm.o
  CC      sound/core/pcm_misc.o
  CC      lib/decompress_unlz4.o
  CC      drivers/clk/clk-multiplier.o
  CC      block/ioctl.o
  CC      drivers/video/fbdev/core/fbcon.o
  CC      lib/decompress_unlzma.o
  CC      lib/decompress_unlzo.o
  CC      arch/arm/kernel/topology.o
  CC      mm/compaction.o
  CC      drivers/clk/clk-mux.o
  CC      net/core/gen_stats.o
  CC      kernel/kthread.o
  CC      fs/xattr.o
  CC      sound/pci/ac97/ac97_proc.o
  CC      kernel/sys_ni.o
  CC      fs/libfs.o
  CC      sound/core/pcm_memory.o
  CC      arch/arm/kernel/vdso.o
  CC      drivers/clk/clk-composite.o
  CC      lib/decompress_unxz.o
  CC      block/genhd.o
  CC      arch/arm/kernel/psci_smp.o
In file included from ./include/linux/rculist.h:10,
                 from ./include/linux/pid.h:5,
                 from ./include/linux/sched.h:14,
                 from ./include/linux/ratelimit.h:6,
                 from ./include/linux/dev_printk.h:16,
                 from ./include/linux/device.h:15,
                 from ./include/linux/node.h:18,
                 from ./include/linux/cpu.h:17,
                 from mm/compaction.c:11:
In function ‘__list_cut_position’,
    inlined from ‘list_cut_position’ at ./include/linux/list.h:400:3,
    inlined from ‘move_freelist_tail’ at mm/compaction.c:1310:3:
./include/linux/list.h:370:21: warning: storing the address of local variable ‘sublist’ in ‘*&freepage_6(D)->D.16773.D.16710.lru.next’ [-Wdangling-pointer=]
  370 |         entry->next = list;
      |         ~~~~~~~~~~~~^~~~~~
mm/compaction.c: In function ‘move_freelist_tail’:
mm/compaction.c:1307:19: note: ‘sublist’ declared here
 1307 |         LIST_HEAD(sublist);
      |                   ^~~~~~~
./include/linux/list.h:24:26: note: in definition of macro ‘LIST_HEAD’
   24 |         struct list_head name = LIST_HEAD_INIT(name)
      |                          ^~~~
mm/compaction.c:1305:61: note: ‘freepage’ declared here
 1305 | move_freelist_tail(struct list_head *freelist, struct page *freepage)
      |                                                ~~~~~~~~~~~~~^~~~~~~~
  CC      lib/decompress_unzstd.o
  CC      lib/dump_stack.o
  CC      drivers/clk/clk-fractional-divider.o
  CC      net/core/gen_estimator.o
  AR      sound/pci/ac97/built-in.a
  CC      drivers/clk/clk-gpio.o
  AR      arch/arm/kernel/built-in.a
  AR      arch/arm/built-in.a
  AR      sound/pci/built-in.a
  CC      mm/vmacache.o
  CC      net/core/net_namespace.o
  CC      drivers/clk/clk-conf.o
  CC      sound/core/memalloc.o
  CC      kernel/nsproxy.o
  CC      block/ioprio.o
  CC      lib/earlycpio.o
  CC      fs/fs-writeback.o
  CC      lib/extable.o
  CC      mm/interval_tree.o
  CC      drivers/video/fbdev/core/bitblit.o
  CC      mm/list_lru.o
  CC      drivers/clk/versatile/icst.o
  CC      net/core/secure_seq.o
  CC      lib/fdt.o
  CC      drivers/clk/versatile/clk-icst.o
  CC      drivers/clk/versatile/clk-versatile.o
  CC      lib/fdt_addresses.o
  CC      block/badblocks.o
  CC      sound/core/pcm_timer.o
  CC      net/sched/sch_generic.o
  CC      lib/fdt_empty_tree.o
  CC      lib/fdt_ro.o
  CC      kernel/notifier.o
  CC      kernel/ksysfs.o
  CC      net/core/flow_dissector.o
  CC      drivers/video/fbdev/core/softcursor.o
  CC      drivers/clk/versatile/clk-sp810.o
  CC      fs/pnode.o
  CC      drivers/virtio/virtio.o
  CC      mm/workingset.o
  AR      sound/core/built-in.a
  CC      lib/fdt_rw.o
  CC      drivers/clk/versatile/clk-vexpress-osc.o
  CC      sound/ac97_bus.o
  CC      block/partitions/core.o
  CC      kernel/cred.o
  CC      lib/fdt_strerror.o
  AR      drivers/clk/versatile/built-in.a
  CC      net/core/sysctl_net_core.o
  AR      drivers/clk/built-in.a
  CC      block/partitions/msdos.o
  CC      lib/fdt_sw.o
  CC      drivers/video/fbdev/core/cfbfillrect.o
  CC      fs/splice.o
  CC      drivers/virtio/virtio_ring.o
  CC      drivers/video/fbdev/core/cfbcopyarea.o
  CC      sound/last.o
  CC      lib/fdt_wip.o
  CC      mm/debug.o
  CC      lib/flex_proportions.o
  AR      sound/built-in.a
  CC      net/netlink/af_netlink.o
  CC      kernel/reboot.o
  CC      block/blk-rq-qos.o
  CC      lib/idr.o
  CC      block/partitions/efi.o
  CC      net/netlink/genetlink.o
  CC      net/sched/sch_mq.o
  CC      drivers/video/fbdev/core/cfbimgblt.o
  CC      lib/irq_regs.o
  CC      mm/gup.o
  CC      drivers/video/fbdev/core/sysfillrect.o
  CC      drivers/virtio/virtio_mmio.o
  CC      lib/is_single_threaded.o
  CC      net/core/dev.o
  CC      fs/sync.o
  CC      drivers/video/fbdev/core/syscopyarea.o
  CC      lib/klist.o
  CC      kernel/async.o
  AR      block/partitions/built-in.a
  CC      block/disk-events.o
  CC      fs/utimes.o
  CC      drivers/regulator/core.o
  CC      drivers/video/fbdev/core/sysimgblt.o
  CC      lib/kobject.o
  CC      drivers/virtio/virtio_balloon.o
  CC      net/sched/sch_frag.o
  CC      kernel/range.o
  CC      block/mq-deadline.o
  CC      kernel/smpboot.o
  CC      fs/d_path.o
  CC      net/netlink/policy.o
  CC      drivers/video/fbdev/core/fb_sys_fops.o
  CC      lib/kobject_uevent.o
  CC      kernel/ucount.o
  CC      mm/mmap_lock.o
  CC      drivers/regulator/dummy.o
  AR      net/sched/built-in.a
  CC      drivers/tty/tty_io.o
  CC      net/core/dev_addr_lists.o
  CC      block/kyber-iosched.o
  CC      fs/stack.o
  CC      drivers/regulator/fixed-helper.o
  AR      drivers/video/fbdev/core/built-in.a
  AR      drivers/video/fbdev/built-in.a
  AR      drivers/virtio/built-in.a
  AR      net/netlink/built-in.a
  CC      kernel/regset.o
  AR      drivers/video/built-in.a
  CC      block/blk-mq-virtio.o
  CC      lib/logic_pio.o
  CC      drivers/tty/n_tty.o
net/core/dev.c: In function ‘bpf_prog_run_generic_xdp’:
net/core/dev.c:4713:21: warning: ‘ether_addr_equal_64bits’ reading 8 bytes from a region of size 6 [-Wstringop-overread]
 4713 |         orig_host = ether_addr_equal_64bits(eth->h_dest, skb->dev->dev_addr);
      |                     ^~~~~~~~~~~~~~~~~~~~~~~~~~~~~~~~~~~~~~~~~~~~~~~~~~~~~~~~
net/core/dev.c:4713:21: note: referencing argument 1 of type ‘const u8[8]’ {aka ‘const unsigned char[8]’}
net/core/dev.c:4713:21: note: referencing argument 2 of type ‘const u8[8]’ {aka ‘const unsigned char[8]’}
In file included from net/core/dev.c:91:
./include/linux/etherdevice.h:367:20: note: in a call to function ‘ether_addr_equal_64bits’
  367 | static inline bool ether_addr_equal_64bits(const u8 addr1[6+2],
      |                    ^~~~~~~~~~~~~~~~~~~~~~~
net/core/dev.c:4714:22: warning: ‘is_multicast_ether_addr_64bits’ reading 8 bytes from a region of size 6 [-Wstringop-overread]
 4714 |         orig_bcast = is_multicast_ether_addr_64bits(eth->h_dest);
      |                      ^~~~~~~~~~~~~~~~~~~~~~~~~~~~~~~~~~~~~~~~~~~
net/core/dev.c:4714:22: note: referencing argument 1 of type ‘const u8[8]’ {aka ‘const unsigned char[8]’}
./include/linux/etherdevice.h:130:20: note: in a call to function ‘is_multicast_ether_addr_64bits’
  130 | static inline bool is_multicast_ether_addr_64bits(const u8 addr[6+2])
      |                    ^~~~~~~~~~~~~~~~~~~~~~~~~~~~~~
net/core/dev.c:4741:27: warning: ‘ether_addr_equal_64bits’ reading 8 bytes from a region of size 6 [-Wstringop-overread]
 4741 |             (orig_host != ether_addr_equal_64bits(eth->h_dest,
      |                           ^~~~~~~~~~~~~~~~~~~~~~~~~~~~~~~~~~~~
 4742 |                                                   skb->dev->dev_addr)) ||
      |                                                   ~~~~~~~~~~~~~~~~~~~
net/core/dev.c:4741:27: note: referencing argument 1 of type ‘const u8[8]’ {aka ‘const unsigned char[8]’}
net/core/dev.c:4741:27: note: referencing argument 2 of type ‘const u8[8]’ {aka ‘const unsigned char[8]’}
./include/linux/etherdevice.h:367:20: note: in a call to function ‘ether_addr_equal_64bits’
  367 | static inline bool ether_addr_equal_64bits(const u8 addr1[6+2],
      |                    ^~~~~~~~~~~~~~~~~~~~~~~
net/core/dev.c:4743:28: warning: ‘is_multicast_ether_addr_64bits’ reading 8 bytes from a region of size 6 [-Wstringop-overread]
 4743 |             (orig_bcast != is_multicast_ether_addr_64bits(eth->h_dest))) {
      |                            ^~~~~~~~~~~~~~~~~~~~~~~~~~~~~~~~~~~~~~~~~~~
net/core/dev.c:4743:28: note: referencing argument 1 of type ‘const u8[8]’ {aka ‘const unsigned char[8]’}
./include/linux/etherdevice.h:130:20: note: in a call to function ‘is_multicast_ether_addr_64bits’
  130 | static inline bool is_multicast_ether_addr_64bits(const u8 addr[6+2])
      |                    ^~~~~~~~~~~~~~~~~~~~~~~~~~~~~~
  CC      net/core/dst.o
  CC      kernel/kmod.o
  CC      fs/fs_struct.o
  CC      net/core/netevent.o
  CC      mm/highmem.o
  CC      block/blk-pm.o
  CC      lib/memcat_p.o
  CC      net/ethtool/ioctl.o
  CC      fs/statfs.o
  CC      lib/nmi_backtrace.o
  CC      drivers/char/mem.o
  CC      fs/fs_pin.o
  CC      mm/memory.o
  CC      kernel/groups.o
  AR      block/built-in.a
  CC      drivers/regulator/helpers.o
  CC      drivers/regulator/devres.o
  CC      lib/nodemask.o
  CC      net/ipv4/route.o
  CC      kernel/sched/core.o
  CC      lib/plist.o
  CC      lib/radix-tree.o
  CC      fs/nsfs.o
  CC      drivers/char/random.o
  CC      kernel/sched/loadavg.o
  CC      mm/mincore.o
  CC      mm/mlock.o
  CC      drivers/tty/tty_ioctl.o
  CC      fs/fs_types.o
  CC      net/ipv4/inetpeer.o
  CC      drivers/regulator/irq_helpers.o
  CC      fs/fs_context.o
  CC      lib/ratelimit.o
  CC      drivers/tty/tty_ldisc.o
  CC      net/unix/af_unix.o
  CC      net/unix/garbage.o
  CC      drivers/regulator/of_regulator.o
  CC      lib/rbtree.o
  CC      fs/fs_parser.o
  CC      kernel/locking/mutex.o
  CC      kernel/locking/semaphore.o
  CC      drivers/tty/tty_buffer.o
  CC      lib/seq_buf.o
  CC      fs/fsopen.o
In file included from ./include/linux/rculist.h:10,
                 from ./include/linux/pid.h:5,
                 from ./include/linux/sched.h:14,
                 from kernel/locking/semaphore.c:30:
In function ‘__list_add’,
    inlined from ‘list_add_tail’ at ./include/linux/list.h:100:2,
    inlined from ‘__down_common’ at kernel/locking/semaphore.c:213:2,
    inlined from ‘__down’ at kernel/locking/semaphore.c:241:2:
./include/linux/list.h:70:20: warning: storing the address of local variable ‘waiter’ in ‘((struct list_head *)sem)[1].prev’ [-Wdangling-pointer=]
   70 |         next->prev = new;
      |         ~~~~~~~~~~~^~~~~
kernel/locking/semaphore.c: In function ‘__down’:
kernel/locking/semaphore.c:211:33: note: ‘waiter’ declared here
  211 |         struct semaphore_waiter waiter;
      |                                 ^~~~~~
kernel/locking/semaphore.c:239:55: note: ‘sem’ declared here
  239 | static noinline void __sched __down(struct semaphore *sem)
      |                                     ~~~~~~~~~~~~~~~~~~^~~
  CC      mm/mmap.o
In function ‘__list_add’,
    inlined from ‘list_add_tail’ at ./include/linux/list.h:100:2,
    inlined from ‘__down_common’ at kernel/locking/semaphore.c:213:2,
    inlined from ‘__down_killable’ at kernel/locking/semaphore.c:251:9:
./include/linux/list.h:70:20: warning: storing the address of local variable ‘waiter’ in ‘((struct list_head *)sem)[1].prev’ [-Wdangling-pointer=]
   70 |         next->prev = new;
      |         ~~~~~~~~~~~^~~~~
kernel/locking/semaphore.c: In function ‘__down_killable’:
kernel/locking/semaphore.c:211:33: note: ‘waiter’ declared here
  211 |         struct semaphore_waiter waiter;
      |                                 ^~~~~~
kernel/locking/semaphore.c:249:63: note: ‘sem’ declared here
  249 | static noinline int __sched __down_killable(struct semaphore *sem)
      |                                             ~~~~~~~~~~~~~~~~~~^~~
In function ‘__list_add’,
    inlined from ‘list_add_tail’ at ./include/linux/list.h:100:2,
    inlined from ‘__down_common’ at kernel/locking/semaphore.c:213:2,
    inlined from ‘__down_timeout’ at kernel/locking/semaphore.c:256:9:
./include/linux/list.h:70:20: warning: storing the address of local variable ‘waiter’ in ‘((struct list_head *)sem)[1].prev’ [-Wdangling-pointer=]
   70 |         next->prev = new;
      |         ~~~~~~~~~~~^~~~~
kernel/locking/semaphore.c: In function ‘__down_timeout’:
kernel/locking/semaphore.c:211:33: note: ‘waiter’ declared here
  211 |         struct semaphore_waiter waiter;
      |                                 ^~~~~~
kernel/locking/semaphore.c:254:62: note: ‘sem’ declared here
  254 | static noinline int __sched __down_timeout(struct semaphore *sem, long timeout)
      |                                            ~~~~~~~~~~~~~~~~~~^~~
In function ‘__list_add’,
    inlined from ‘list_add_tail’ at ./include/linux/list.h:100:2,
    inlined from ‘__down_common’ at kernel/locking/semaphore.c:213:2,
    inlined from ‘__down_interruptible’ at kernel/locking/semaphore.c:246:9:
./include/linux/list.h:70:20: warning: storing the address of local variable ‘waiter’ in ‘((struct list_head *)sem)[1].prev’ [-Wdangling-pointer=]
   70 |         next->prev = new;
      |         ~~~~~~~~~~~^~~~~
kernel/locking/semaphore.c: In function ‘__down_interruptible’:
kernel/locking/semaphore.c:211:33: note: ‘waiter’ declared here
  211 |         struct semaphore_waiter waiter;
      |                                 ^~~~~~
kernel/locking/semaphore.c:244:68: note: ‘sem’ declared here
  244 | static noinline int __sched __down_interruptible(struct semaphore *sem)
      |                                                  ~~~~~~~~~~~~~~~~~~^~~
  CC      net/core/neighbour.o
  CC      drivers/regulator/fixed.o
  CC      lib/sha1.o
  CC      drivers/char/misc.o
  CC      net/ipv4/protocol.o
  CC      drivers/tty/tty_port.o
  CC      fs/init.o
  CC      drivers/gpu/drm/drm_dp_aux_bus.o
  CC      kernel/locking/rwsem.o
  CC      net/ethtool/common.o
  CC      lib/show_mem.o
  CC      drivers/char/virtio_console.o
  CC      drivers/regulator/vexpress-regulator.o
  CC      fs/kernel_read_file.o
  CC      net/ipv4/ip_input.o
  CC      drivers/tty/tty_mutex.o
  CC      lib/siphash.o
  CC      kernel/locking/percpu-rwsem.o
  CC      drivers/gpu/drm/drm_bridge_connector.o
  CC      fs/remap_range.o
  CC      kernel/locking/spinlock.o
  CC      net/ethtool/netlink.o
  CC      drivers/tty/tty_ldsem.o
  AR      drivers/regulator/built-in.a
  CC      drivers/tty/tty_baudrate.o
  CC      lib/string.o
  CC      mm/mmu_gather.o
  CC      kernel/locking/osq_lock.o
  CC      drivers/gpu/drm/drm_crtc_helper.o
  CC      drivers/tty/tty_jobctrl.o
  CC      kernel/sched/clock.o
  CC      net/unix/sysctl_net_unix.o
  CC      drivers/char/hw_random/core.o
  CC      drivers/base/component.o
  CC      kernel/power/qos.o
  CC      lib/timerqueue.o
  CC      kernel/locking/rtmutex_api.o
  CC      fs/buffer.o
  CC      lib/vsprintf.o
  CC      mm/mprotect.o
  CC      net/ipv4/ip_fragment.o
  CC      drivers/char/hw_random/virtio-rng.o
  CC      drivers/base/core.o
  CC      drivers/tty/n_null.o
  CC      net/ethtool/bitset.o
  CC      kernel/power/main.o
  CC      kernel/sched/cputime.o
  CC      net/unix/scm.o
  CC      drivers/char/hw_random/arm_smccc_trng.o
  CC      drivers/tty/pty.o
  CC      mm/mremap.o
  CC      drivers/gpu/drm/drm_dp_helper.o
  AR      kernel/locking/built-in.a
  CC      net/core/rtnetlink.o
  CC      net/ipv4/ip_forward.o
  AR      drivers/char/hw_random/built-in.a
  AR      drivers/char/built-in.a
  CC      net/ipv6/addrconf_core.o
  CC      kernel/printk/printk.o
  CC      kernel/power/console.o
  CC      drivers/tty/sysrq.o
  CC      net/ethtool/strset.o
  CC      kernel/sched/idle.o
  CC      mm/msync.o
  AR      net/unix/built-in.a
  CC      drivers/tty/vt/vt_ioctl.o
  CC      net/ipv4/ip_options.o
  CC      kernel/power/process.o
  CC      net/ipv6/exthdrs_core.o
  CC      mm/page_vma_mapped.o
  CC      drivers/gpu/drm/drm_dsc.o
  CC      net/ethtool/linkinfo.o
  CC      kernel/sched/fair.o
  CC      mm/pagewalk.o
  CC      kernel/power/suspend.o
  CC      fs/direct-io.o
  CC      net/ipv4/ip_output.o
  CC      net/ipv6/ip6_checksum.o
  CC      drivers/gpu/drm/drm_probe_helper.o
  CC      net/core/utils.o
  CC      drivers/tty/vt/vc_screen.o
  CC      kernel/printk/printk_safe.o
  CC      mm/pgtable-generic.o
  CC      net/ethtool/linkmodes.o
  CC      drivers/base/bus.o
  CC      lib/win_minmax.o
  CC      lib/xarray.o
  CC      kernel/printk/printk_ringbuffer.o
  CC      net/ipv6/ip6_icmp.o
  CC      drivers/gpu/drm/drm_plane_helper.o
  CC      drivers/tty/vt/selection.o
  CC      kernel/power/poweroff.o
  CC      mm/rmap.o
  AR      kernel/power/built-in.a
  CC      drivers/block/virtio_blk.o
  CC      drivers/base/dd.o
  CC      fs/mpage.o
  AR      kernel/printk/built-in.a
  CC      net/ethtool/linkstate.o
  CC      drivers/tty/vt/keyboard.o
  CC      net/ipv6/output_core.o
  CC      net/packet/af_packet.o
  CC      lib/lockref.o
  CC      net/core/link_watch.o
  CC      mm/vmalloc.o
  CC      drivers/gpu/drm/drm_dp_mst_topology.o
  CC      lib/bcd.o
  CC      lib/sort.o
  CC      net/ipv4/ip_sockglue.o
  CC      lib/parser.o
  CC      lib/debug_locks.o
  CC      fs/proc_namespace.o
  CC      drivers/base/syscore.o
  CC      kernel/sched/rt.o
  AR      drivers/block/built-in.a
  CC      lib/random32.o
  CC      drivers/tty/hvc/hvc_console.o
  CC      net/ipv6/protocol.o
  CC      net/ethtool/debug.o
  CC      net/core/filter.o
  CC      fs/notify/fsnotify.o
  CC      mm/process_vm_access.o
  CC      drivers/base/driver.o
  CC      lib/bust_spinlocks.o
  CC      drivers/tty/vt/consolemap.o
  CC      drivers/base/class.o
  CC      net/ipv6/ip6_offload.o
  CC      net/ethtool/wol.o
  AR      drivers/tty/hvc/built-in.a
  CC      kernel/sched/deadline.o
  CC      drivers/gpu/drm/drm_atomic_helper.o
  CC      fs/notify/notification.o
  CC      lib/kasprintf.o
  CC      lib/bitmap.o
  CC      drivers/base/platform.o
  CC      fs/notify/group.o
  CC      drivers/tty/vt/consolemap_deftbl.o
  CC      net/ipv4/inet_hashtables.o
  CC      drivers/tty/vt/vt.o
  CC      net/ipv6/tcpv6_offload.o
  CC      net/sunrpc/clnt.o
  CC      net/ethtool/features.o
  CC      lib/scatterlist.o
  CC      fs/notify/mark.o
  CC      drivers/base/cpu.o
  CC      mm/page_alloc.o
  CC      drivers/tty/serial/serial_core.o
  CC      lib/list_sort.o
  CC      net/ipv6/exthdrs_offload.o
  CC      drivers/base/firmware.o
  AR      net/packet/built-in.a
  CC      drivers/base/init.o
  CC      kernel/sched/wait.o
  CC      lib/uuid.o
  CC      drivers/gpu/drm/drm_kms_helper_common.o
  CC      net/ethtool/privflags.o
mm/page_alloc.c: In function ‘mem_init_print_info’:
mm/page_alloc.c:8163:27: warning: comparison between two arrays [-Warray-compare]
 8163 |                 if (start <= pos && pos < end && size > adj) \
      |                           ^~
mm/page_alloc.c:8167:9: note: in expansion of macro ‘adj_init_size’
 8167 |         adj_init_size(__init_begin, __init_end, init_data_size,
      |         ^~~~~~~~~~~~~
mm/page_alloc.c:8163:27: note: use ‘&__init_begin[0] <= &_sinittext[0]’ to compare the addresses
 8163 |                 if (start <= pos && pos < end && size > adj) \
      |                           ^~
mm/page_alloc.c:8167:9: note: in expansion of macro ‘adj_init_size’
 8167 |         adj_init_size(__init_begin, __init_end, init_data_size,
      |         ^~~~~~~~~~~~~
mm/page_alloc.c:8163:41: warning: comparison between two arrays [-Warray-compare]
 8163 |                 if (start <= pos && pos < end && size > adj) \
      |                                         ^
mm/page_alloc.c:8167:9: note: in expansion of macro ‘adj_init_size’
 8167 |         adj_init_size(__init_begin, __init_end, init_data_size,
      |         ^~~~~~~~~~~~~
mm/page_alloc.c:8163:41: note: use ‘&_sinittext[0] < &__init_end[0]’ to compare the addresses
 8163 |                 if (start <= pos && pos < end && size > adj) \
      |                                         ^
mm/page_alloc.c:8167:9: note: in expansion of macro ‘adj_init_size’
 8167 |         adj_init_size(__init_begin, __init_end, init_data_size,
      |         ^~~~~~~~~~~~~
mm/page_alloc.c:8163:27: warning: comparison between two arrays [-Warray-compare]
 8163 |                 if (start <= pos && pos < end && size > adj) \
      |                           ^~
mm/page_alloc.c:8169:9: note: in expansion of macro ‘adj_init_size’
 8169 |         adj_init_size(_stext, _etext, codesize, _sinittext, init_code_size);
      |         ^~~~~~~~~~~~~
mm/page_alloc.c:8163:27: note: use ‘&_stext[0] <= &_sinittext[0]’ to compare the addresses
 8163 |                 if (start <= pos && pos < end && size > adj) \
      |                           ^~
mm/page_alloc.c:8169:9: note: in expansion of macro ‘adj_init_size’
 8169 |         adj_init_size(_stext, _etext, codesize, _sinittext, init_code_size);
      |         ^~~~~~~~~~~~~
  CC      fs/notify/fdinfo.o
  CC      fs/eventpoll.o
  CC      lib/iov_iter.o
mm/page_alloc.c:8163:41: warning: comparison between two arrays [-Warray-compare]
 8163 |                 if (start <= pos && pos < end && size > adj) \
      |                                         ^
mm/page_alloc.c:8169:9: note: in expansion of macro ‘adj_init_size’
 8169 |         adj_init_size(_stext, _etext, codesize, _sinittext, init_code_size);
      |         ^~~~~~~~~~~~~
mm/page_alloc.c:8163:41: note: use ‘&_sinittext[0] < &_etext[0]’ to compare the addresses
 8163 |                 if (start <= pos && pos < end && size > adj) \
      |                                         ^
mm/page_alloc.c:8169:9: note: in expansion of macro ‘adj_init_size’
 8169 |         adj_init_size(_stext, _etext, codesize, _sinittext, init_code_size);
      |         ^~~~~~~~~~~~~
mm/page_alloc.c:8163:27: warning: comparison between two arrays [-Warray-compare]
 8163 |                 if (start <= pos && pos < end && size > adj) \
      |                           ^~
mm/page_alloc.c:8170:9: note: in expansion of macro ‘adj_init_size’
 8170 |         adj_init_size(_sdata, _edata, datasize, __init_begin, init_data_size);
      |         ^~~~~~~~~~~~~
mm/page_alloc.c:8163:27: note: use ‘&_sdata[0] <= &__init_begin[0]’ to compare the addresses
 8163 |                 if (start <= pos && pos < end && size > adj) \
      |                           ^~
mm/page_alloc.c:8170:9: note: in expansion of macro ‘adj_init_size’
 8170 |         adj_init_size(_sdata, _edata, datasize, __init_begin, init_data_size);
      |         ^~~~~~~~~~~~~
mm/page_alloc.c:8163:41: warning: comparison between two arrays [-Warray-compare]
 8163 |                 if (start <= pos && pos < end && size > adj) \
      |                                         ^
mm/page_alloc.c:8170:9: note: in expansion of macro ‘adj_init_size’
 8170 |         adj_init_size(_sdata, _edata, datasize, __init_begin, init_data_size);
      |         ^~~~~~~~~~~~~
mm/page_alloc.c:8163:41: note: use ‘&__init_begin[0] < &_edata[0]’ to compare the addresses
 8163 |                 if (start <= pos && pos < end && size > adj) \
      |                                         ^
mm/page_alloc.c:8170:9: note: in expansion of macro ‘adj_init_size’
 8170 |         adj_init_size(_sdata, _edata, datasize, __init_begin, init_data_size);
      |         ^~~~~~~~~~~~~
mm/page_alloc.c:8163:27: warning: comparison between two arrays [-Warray-compare]
 8163 |                 if (start <= pos && pos < end && size > adj) \
      |                           ^~
mm/page_alloc.c:8171:9: note: in expansion of macro ‘adj_init_size’
 8171 |         adj_init_size(_stext, _etext, codesize, __start_rodata, rosize);
      |         ^~~~~~~~~~~~~
mm/page_alloc.c:8163:27: note: use ‘&_stext[0] <= &__start_rodata[0]’ to compare the addresses
 8163 |                 if (start <= pos && pos < end && size > adj) \
      |                           ^~
mm/page_alloc.c:8171:9: note: in expansion of macro ‘adj_init_size’
 8171 |         adj_init_size(_stext, _etext, codesize, __start_rodata, rosize);
      |         ^~~~~~~~~~~~~
mm/page_alloc.c:8163:41: warning: comparison between two arrays [-Warray-compare]
 8163 |                 if (start <= pos && pos < end && size > adj) \
      |                                         ^
mm/page_alloc.c:8171:9: note: in expansion of macro ‘adj_init_size’
 8171 |         adj_init_size(_stext, _etext, codesize, __start_rodata, rosize);
      |         ^~~~~~~~~~~~~
mm/page_alloc.c:8163:41: note: use ‘&__start_rodata[0] < &_etext[0]’ to compare the addresses
 8163 |                 if (start <= pos && pos < end && size > adj) \
      |                                         ^
mm/page_alloc.c:8171:9: note: in expansion of macro ‘adj_init_size’
 8171 |         adj_init_size(_stext, _etext, codesize, __start_rodata, rosize);
      |         ^~~~~~~~~~~~~
mm/page_alloc.c:8163:27: warning: comparison between two arrays [-Warray-compare]
 8163 |                 if (start <= pos && pos < end && size > adj) \
      |                           ^~
mm/page_alloc.c:8172:9: note: in expansion of macro ‘adj_init_size’
 8172 |         adj_init_size(_sdata, _edata, datasize, __start_rodata, rosize);
      |         ^~~~~~~~~~~~~
mm/page_alloc.c:8163:27: note: use ‘&_sdata[0] <= &__start_rodata[0]’ to compare the addresses
 8163 |                 if (start <= pos && pos < end && size > adj) \
      |                           ^~
mm/page_alloc.c:8172:9: note: in expansion of macro ‘adj_init_size’
 8172 |         adj_init_size(_sdata, _edata, datasize, __start_rodata, rosize);
      |         ^~~~~~~~~~~~~
mm/page_alloc.c:8163:41: warning: comparison between two arrays [-Warray-compare]
 8163 |                 if (start <= pos && pos < end && size > adj) \
      |                                         ^
mm/page_alloc.c:8172:9: note: in expansion of macro ‘adj_init_size’
 8172 |         adj_init_size(_sdata, _edata, datasize, __start_rodata, rosize);
      |         ^~~~~~~~~~~~~
mm/page_alloc.c:8163:41: note: use ‘&__start_rodata[0] < &_edata[0]’ to compare the addresses
 8163 |                 if (start <= pos && pos < end && size > adj) \
      |                                         ^
mm/page_alloc.c:8172:9: note: in expansion of macro ‘adj_init_size’
 8172 |         adj_init_size(_sdata, _edata, datasize, __start_rodata, rosize);
      |         ^~~~~~~~~~~~~
  CC      drivers/base/map.o
  AR      net/ipv6/built-in.a
  CC      fs/notify/dnotify/dnotify.o
  CC      net/core/sock_diag.o
  CC      net/ipv4/inet_timewait_sock.o
  CC      drivers/base/devres.o
  CC      drivers/gpu/drm/drm_dp_dual_mode_helper.o
  AR      fs/notify/dnotify/built-in.a
  CC      fs/notify/inotify/inotify_fsnotify.o
  CC      net/ethtool/rings.o
  CC      kernel/sched/wait_bit.o
  CC      drivers/base/attribute_container.o
  CC      drivers/tty/vt/defkeymap.o
  CC      net/ipv4/inet_connection_sock.o
  AR      drivers/tty/vt/built-in.a
  CC      fs/notify/inotify/inotify_user.o
  CC      net/sunrpc/xprt.o
  CC      drivers/mfd/mfd-core.o
  CC      drivers/gpu/drm/drm_simple_kms_helper.o
  CC      mm/init-mm.o
  CC      drivers/tty/serial/earlycon.o
  CC      drivers/base/transport_class.o
  CC      drivers/base/topology.o
  CC      kernel/irq/irqdesc.o
  CC      lib/clz_ctz.o
  CC      net/ethtool/channels.o
  CC      lib/bsearch.o
  CC      drivers/tty/serial/amba-pl011.o
  CC      kernel/sched/swait.o
  CC      net/ipv4/tcp.o
  AR      fs/notify/inotify/built-in.a
  CC      drivers/base/container.o
  AR      fs/notify/built-in.a
  CC      fs/anon_inodes.o
  CC      drivers/mfd/syscon.o
  CC      drivers/gpu/drm/drm_modeset_helper.o
  CC      kernel/irq/handle.o
  CC      lib/find_bit.o
  CC      drivers/base/property.o
  CC      net/core/dev_ioctl.o
  CC      lib/llist.o
  CC      net/ethtool/coalesce.o
  CC      lib/memweight.o
  CC      fs/signalfd.o
  CC      drivers/mfd/vexpress-sysreg.o
  CC      net/ipv4/tcp_input.o
  CC      kernel/sched/completion.o
  CC      lib/kfifo.o
  CC      kernel/irq/manage.o
  CC      drivers/gpu/drm/drm_scdc_helper.o
  AR      drivers/mfd/built-in.a
  CC      lib/percpu-refcount.o
  AR      drivers/tty/serial/built-in.a
  AR      drivers/tty/built-in.a
  CC      net/9p/mod.o
  CC      net/sunrpc/socklib.o
  CC      drivers/gpu/drm/drm_gem_atomic_helper.o
  CC      fs/timerfd.o
  CC      net/ethtool/pause.o
  CC      net/9p/client.o
  CC      net/core/tso.o
  CC      lib/rhashtable.o
  CC      kernel/sched/cpupri.o
  CC      drivers/base/cacheinfo.o
  CC      kernel/rcu/update.o
  CC      mm/memblock.o
  CC      drivers/gpu/drm/drm_gem_framebuffer_helper.o
  CC      drivers/base/swnode.o
  CC      fs/eventfd.o
  CC      kernel/irq/spurious.o
  CC      net/sunrpc/xprtsock.o
  CC      kernel/sched/cpudeadline.o
  CC      net/ethtool/eee.o
  CC      net/core/sock_reuseport.o
  CC      kernel/irq/resend.o
  CC      lib/once.o
  CC      drivers/gpu/drm/drm_atomic_state_helper.o
  CC      mm/madvise.o
  CC      net/9p/error.o
  CC      lib/refcount.o
  CC      fs/aio.o
  CC      kernel/irq/chip.o
  CC      drivers/base/devtmpfs.o
  CC      kernel/sched/topology.o
  CC      net/ethtool/tsinfo.o
  CC      lib/usercopy.o
  CC      net/9p/protocol.o
  CC      lib/errseq.o
  CC      drivers/gpu/drm/drm_damage_helper.o
  CC      lib/bucket_locks.o
  CC      kernel/rcu/sync.o
  CC      kernel/rcu/srcutree.o
  CC      mm/page_io.o
  CC      drivers/base/power/sysfs.o
  CC      net/core/fib_notifier.o
  CC      lib/generic-radix-tree.o
  CC      net/ipv4/tcp_output.o
  CC      net/9p/trans_fd.o
  CC      drivers/gpu/drm/drm_format_helper.o
  CC      kernel/irq/dummychip.o
  CC      net/ethtool/cabletest.o
  CC      drivers/base/power/generic_ops.o
  CC      lib/string_helpers.o
  CC      mm/swap_state.o
  CC      kernel/irq/devres.o
  CC      kernel/rcu/tree.o
  CC      net/core/xdp.o
  CC      drivers/base/power/common.o
  CC      drivers/gpu/drm/drm_self_refresh_helper.o
  CC      kernel/sched/stop_task.o
  CC      kernel/irq/autoprobe.o
  CC      net/sunrpc/sched.o
  CC      drivers/base/power/qos.o
  CC      kernel/rcu/rcu_segcblist.o
  CC      lib/hexdump.o
  CC      net/ethtool/tunnels.o
  CC      fs/io_uring.o
  CC      kernel/irq/irqdomain.o
  CC      lib/kstrtox.o
  CC      net/9p/trans_common.o
  CC      mm/swapfile.o
  CC      drivers/gpu/drm/bridge/panel.o
  CC      fs/io-wq.o
  CC      kernel/sched/pelt.o
  CC      net/9p/trans_virtio.o
  CC      drivers/base/power/runtime.o
  CC      lib/math/div64.o
  CC      net/core/flow_offload.o
  CC      lib/math/gcd.o
  CC      lib/math/lcm.o
  CC      lib/math/int_pow.o
  CC      lib/math/int_sqrt.o
  CC      net/ethtool/fec.o
  CC      drivers/gpu/drm/drm_fb_helper.o
  CC      lib/math/reciprocal_div.o
  CC      kernel/irq/proc.o
  CC      kernel/sched/membarrier.o
  CC      lib/math/rational.o
  AR      lib/math/built-in.a
  CC      lib/crypto/chacha.o
  CC      net/ipv4/tcp_timer.o
  CC      net/ethtool/eeprom.o
  AR      net/9p/built-in.a
  CC      net/sysctl_net.o
  CC      drivers/base/power/wakeirq.o
  CC      kernel/irq/cpuhotplug.o
  AR      lib/crypto/built-in.a
  CC      lib/pci_iomap.o
  CC      net/core/net-sysfs.o
  CC      drivers/base/firmware_loader/main.o
  CC      kernel/irq/pm.o
  CC      drivers/base/power/main.o
  CC      lib/iomap_copy.o
  CC      kernel/sched/isolation.o
  CC      lib/devres.o
  CC      net/ethtool/stats.o
  CC      kernel/irq/ipi.o
  AR      drivers/base/firmware_loader/built-in.a
  CC      net/sunrpc/auth.o
  CC      lib/hweight.o
  CC      mm/swap_slots.o
  CC      fs/locks.o
  CC      drivers/gpu/drm/drm_fb_cma_helper.o
  CC      kernel/irq/affinity.o
  AR      kernel/rcu/built-in.a
  CC      lib/bitrev.o
  CC      drivers/base/power/wakeup.o
  CC      lib/linear_ranges.o
  CC      net/ipv4/tcp_ipv4.o
  AR      kernel/sched/built-in.a
  CC      net/core/net-procfs.o
  CC      net/ethtool/phc_vclocks.o
  CC      mm/dmapool.o
  AR      kernel/irq/built-in.a
  CC      lib/crc16.o
  CC      kernel/dma/mapping.o
  CC      drivers/gpu/drm/drm_aperture.o
  CC      net/sunrpc/auth_null.o
  CC      lib/crc32.o
  CC      mm/slub.o
  CC      net/core/net-traces.o
  CC      fs/binfmt_script.o
  CC      drivers/gpu/drm/drm_auth.o
  CC      lib/xxhash.o
  CC      drivers/base/power/wakeup_stats.o
  CC      kernel/dma/direct.o
  AR      net/ethtool/built-in.a
  CC      net/ipv4/tcp_minisocks.o
  CC      net/ipv4/tcp_cong.o
  CC      mm/migrate.o
  CC      net/core/selftests.o
  CC      drivers/base/power/clock_ops.o
  CC      drivers/gpu/drm/drm_cache.o
  CC      lib/genalloc.o
  CC      net/sunrpc/auth_unix.o
  CC      drivers/gpu/drm/drm_file.o
  CC      kernel/dma/ops_helpers.o
  CC      net/core/ptp_classifier.o
  AR      drivers/base/power/built-in.a
  CC      drivers/base/module.o
  CC      drivers/base/regmap/regmap.o
  CC      lib/zlib_inflate/inffast.o
  CC      kernel/dma/dummy.o
  CC      net/ipv4/tcp_metrics.o
  CC      mm/page_isolation.o
  CC      drivers/dma-buf/dma-buf.o
  CC      lib/zlib_inflate/inflate.o
  CC      net/sunrpc/svc.o
  CC      kernel/dma/contiguous.o
  CC      drivers/base/regmap/regcache.o
  CC      drivers/gpu/drm/drm_gem.o
  CC      net/ipv4/tcp_fastopen.o
  CC      drivers/gpu/drm/drm_ioctl.o
  CC      drivers/gpu/drm/drm_irq.o
  CC      kernel/dma/coherent.o
  CC      drivers/dma-buf/dma-fence.o
  CC      lib/zlib_inflate/infutil.o
  CC      net/core/failover.o
  CC      lib/zlib_inflate/inftrees.o
  CC      lib/zlib_inflate/inflate_syms.o
  CC      mm/early_ioremap.o
  CC      kernel/dma/remap.o
  CC      fs/binfmt_elf.o
  CC      lib/zlib_deflate/deflate.o
  AR      lib/zlib_inflate/built-in.a
  CC      lib/lzo/lzo1x_compress.o
  CC      lib/lzo/lzo1x_decompress_safe.o
  CC      net/sunrpc/svcsock.o
  CC      drivers/dma-buf/dma-fence-array.o
  CC      drivers/scsi/scsi.o
  CC      drivers/base/regmap/regcache-rbtree.o
  AR      kernel/dma/built-in.a
  AR      net/core/built-in.a
  CC      kernel/kcmp.o
  CC      kernel/freezer.o
  CC      mm/cma.o
  AR      lib/lzo/built-in.a
  CC      drivers/base/soc.o
  CC      drivers/gpu/drm/drm_drv.o
  CC      net/ipv4/tcp_rate.o
  CC      lib/zlib_deflate/deftree.o
  CC      net/sunrpc/svcauth.o
  CC      drivers/dma-buf/dma-fence-chain.o
  CC      drivers/scsi/hosts.o
  CC      fs/mbcache.o
  CC      drivers/base/regmap/regcache-flat.o
  CC      drivers/gpu/drm/drm_sysfs.o
  CC      kernel/profile.o
  CC      lib/zlib_deflate/deflate_syms.o
  CC      drivers/dma-buf/dma-resv.o
  CC      drivers/scsi/scsi_ioctl.o
  AR      lib/zlib_deflate/built-in.a
  CC      lib/lz4/lz4_decompress.o
  CC      drivers/base/regmap/regmap-i2c.o
  CC      fs/nfs_common/grace.o
  CC      mm/balloon_compaction.o
  CC      lib/zstd/fse_compress.o
  CC      lib/zstd/huf_compress.o
  CC      net/ipv4/tcp_recovery.o
  CC      net/ipv4/tcp_ulp.o
  CC      net/sunrpc/svcauth_unix.o
  CC      drivers/gpu/drm/drm_hashtab.o
  CC      kernel/stacktrace.o
  CC      lib/zstd/compress.o
  AR      fs/nfs_common/built-in.a
  CC      fs/coredump.o
  CC      drivers/dma-buf/seqno-fence.o
  CC      drivers/ata/libata-core.o
  CC      mm/memfd.o
  CC      drivers/base/regmap/regmap-mmio.o
  CC      drivers/scsi/scsicam.o
  CC      drivers/gpu/drm/drm_mm.o
  CC      drivers/ata/libata-scsi.o
  CC      kernel/time/time.o
  AR      lib/lz4/built-in.a
  CC      drivers/dma-buf/sync_file.o
  CC      drivers/mtd/mtdcore.o
  CC      drivers/net/mii.o
  CC      net/ipv4/tcp_offload.o
  AR      drivers/base/regmap/built-in.a
  CC      drivers/base/arch_topology.o
  CC      mm/page_reporting.o
  CC      drivers/scsi/scsi_error.o
  AR      drivers/dma-buf/built-in.a
  CC      drivers/scsi/scsi_lib.o
  CC      drivers/gpu/drm/drm_crtc.o
  CC      net/sunrpc/addr.o
  CC      kernel/time/timer.o
  CC      fs/drop_caches.o
  CC      drivers/base/trace.o
  CC      drivers/net/loopback.o
  AR      mm/built-in.a
  CC      kernel/futex.o
  CC      net/ipv4/datagram.o
  CC      drivers/mtd/mtdsuper.o
  CC      fs/fhandle.o
  CC      net/sunrpc/rpcb_clnt.o
  AR      drivers/base/built-in.a
  CC      fs/iomap/trace.o
  CC      fs/iomap/buffered-io.o
  CC      drivers/mtd/mtdconcat.o
  CC      drivers/gpu/drm/drm_fourcc.o
  CC      drivers/net/phy/mdio-boardinfo.o
  CC      lib/zstd/entropy_common.o
  CC      drivers/gpu/drm/drm_modes.o
  CC      drivers/gpu/drm/drm_edid.o
  CC      kernel/time/hrtimer.o
  CC      drivers/net/phy/mdio_devres.o
  CC      net/ipv4/raw.o
  CC      drivers/ata/libata-eh.o
  CC      drivers/ata/libata-transport.o
  CC      drivers/net/mdio/fwnode_mdio.o
  CC      drivers/scsi/scsi_lib_dma.o
  CC      drivers/mtd/mtdpart.o
  CC      drivers/net/mdio/of_mdio.o
  CC      drivers/net/phy/phy.o
  CC      net/sunrpc/timer.o
  CC      drivers/ata/libata-trace.o
  CC      drivers/scsi/scsi_scan.o
  CC      kernel/time/timekeeping.o
  CC      fs/iomap/direct-io.o
  CC      kernel/smp.o
  CC      drivers/mtd/mtdchar.o
  CC      drivers/mtd/parsers/cmdlinepart.o
  CC      lib/zstd/fse_decompress.o
  CC      net/sunrpc/xdr.o
  AR      drivers/net/mdio/built-in.a
  CC      lib/xz/xz_dec_syms.o
  CC      net/ipv4/udp.o
  CC      lib/xz/xz_dec_stream.o
  CC      lib/zstd/zstd_common.o
  CC      lib/zstd/huf_decompress.o
  CC      drivers/mtd/parsers/ofpart_core.o
  CC      drivers/net/phy/phy-c45.o
  CC      net/ipv4/udplite.o
  CC      drivers/gpu/drm/drm_displayid.o
  CC      fs/iomap/fiemap.o
  AR      drivers/mtd/parsers/built-in.a
  CC      kernel/time/ntp.o
  CC      lib/xz/xz_dec_lzma2.o
  CC      drivers/scsi/scsi_sysfs.o
  CC      net/sunrpc/sunrpc_syms.o
  CC      drivers/ata/libata-sff.o
  CC      drivers/mtd/mtd_blkdevs.o
  CC      drivers/gpu/drm/drm_encoder_slave.o
  CC      drivers/scsi/scsi_devinfo.o
  CC      drivers/net/phy/phy-core.o
  CC      kernel/time/clocksource.o
  CC      fs/iomap/iter.o
  CC      lib/xz/xz_dec_bcj.o
  CC      drivers/mtd/mtdblock.o
  CC      fs/proc/task_mmu.o
  AR      lib/xz/built-in.a
  CC      drivers/gpu/drm/drm_trace_points.o
  CC      lib/zstd/decompress.o
  CC      drivers/mtd/chips/chipreg.o
  CC      net/sunrpc/cache.o
  CC      kernel/time/jiffies.o
  CC      fs/iomap/seek.o
  CC      drivers/usb/common/common.o
  CC      drivers/scsi/scsi_sysctl.o
  CC      drivers/mtd/chips/cfi_probe.o
  CC      kernel/time/timer_list.o
  CC      drivers/net/phy/phy_device.o
  CC      fs/kernfs/mount.o
  AR      drivers/ata/built-in.a
  CC      fs/proc/inode.o
  CC      drivers/mtd/chips/cfi_util.o
  CC      fs/iomap/swapfile.o
  CC      drivers/scsi/scsi_trace.o
  CC      drivers/gpu/drm/drm_prime.o
  CC      kernel/time/timeconv.o
  CC      drivers/usb/common/debug.o
  CC      kernel/time/timecounter.o
  CC      drivers/mtd/chips/cfi_cmdset_0002.o
  CC      fs/kernfs/inode.o
  CC      kernel/time/alarmtimer.o
  CC      kernel/time/posix-timers.o
  AR      drivers/usb/common/built-in.a
  CC      drivers/scsi/scsi_logging.o
  CC      drivers/usb/core/usb.o
  CC      fs/proc/root.o
  CC      drivers/usb/core/hub.o
  AR      fs/iomap/built-in.a
  CC      drivers/usb/core/hcd.o
  CC      drivers/gpu/drm/drm_rect.o
  CC      fs/kernfs/dir.o
  CC      net/ipv4/udp_offload.o
  CC      fs/proc/base.o
  CC      drivers/net/phy/linkmode.o
  CC      drivers/scsi/scsi_pm.o
  CC      net/ipv4/arp.o
  CC      drivers/gpu/drm/drm_vma_manager.o
  CC      drivers/net/virtio_net.o
  CC      drivers/gpu/drm/drm_flip_work.o
  CC      net/sunrpc/rpc_pipe.o
  CC      drivers/mtd/chips/cfi_cmdset_0001.o
  CC      kernel/time/posix-cpu-timers.o
  CC      drivers/net/phy/mdio_bus.o
  CC      drivers/scsi/scsi_common.o
  AR      lib/zstd/built-in.a
  CC      lib/percpu_counter.o
  CC      drivers/gpu/drm/drm_modeset_lock.o
  CC      fs/kernfs/file.o
  CC      drivers/scsi/virtio_scsi.o
  CC      drivers/usb/core/urb.o
  CC      lib/syscall.o
  CC      drivers/usb/phy/of.o
  CC      kernel/time/posix-clock.o
  CC      lib/errname.o
  CC      drivers/gpu/drm/drm_atomic.o
  CC      net/ipv4/icmp.o
  CC      fs/kernfs/symlink.o
  CC      lib/nlattr.o
  CC      lib/cpu_rmap.o
  CC      drivers/net/phy/mdio_device.o
  AR      drivers/usb/phy/built-in.a
  CC      drivers/net/phy/swphy.o
  CC      net/sunrpc/sysfs.o
  CC      drivers/usb/core/message.o
  CC      kernel/time/itimer.o
  CC      drivers/mtd/chips/gen_probe.o
  CC      drivers/scsi/sd.o
  CC      fs/proc/generic.o
  AR      fs/kernfs/built-in.a
  CC      fs/proc/array.o
  CC      kernel/time/clockevents.o
  CC      drivers/usb/core/driver.o
  CC      drivers/net/phy/fixed_phy.o
  CC      drivers/mtd/chips/map_ram.o
  CC      lib/dynamic_queue_limits.o
  CC      drivers/input/serio/serio.o
  CC      lib/glob.o
  CC      net/ipv4/devinet.o
  AR      drivers/mtd/chips/built-in.a
  CC      net/sunrpc/svc_xprt.o
  CC      drivers/mtd/maps/physmap-core.o
  CC      kernel/time/tick-common.o
  CC      lib/strncpy_from_user.o
  CC      kernel/time/tick-broadcast.o
  CC      drivers/gpu/drm/drm_bridge.o
  AR      drivers/net/phy/built-in.a
  CC      fs/proc/fd.o
  CC      net/ipv4/af_inet.o
  CC      net/sunrpc/xprtmultipath.o
  CC      drivers/net/ethernet/smsc/smc91x.o
  CC      drivers/mtd/maps/plat-ram.o
  CC      kernel/uid16.o
  CC      lib/strnlen_user.o
  CC      drivers/usb/core/config.o
  CC      drivers/input/serio/ambakmi.o
  CC      kernel/time/sched_clock.o
  AR      drivers/mtd/maps/built-in.a
  CC      fs/proc/proc_tty.o
  AR      drivers/scsi/built-in.a
  CC      lib/net_utils.o
  CC      drivers/mtd/ubi/vtbl.o
  CC      fs/sysfs/file.o
  CC      kernel/time/vsyscall.o
  CC      drivers/gpu/drm/drm_framebuffer.o
  CC      drivers/input/serio/libps2.o
  CC      drivers/mtd/ubi/vmt.o
  CC      drivers/usb/core/file.o
  CC      fs/proc/cmdline.o
  CC      lib/sg_pool.o
  AR      kernel/time/built-in.a
  CC      kernel/module.o
  CC      fs/sysfs/dir.o
  CC      drivers/mtd/ubi/upd.o
  AR      drivers/input/serio/built-in.a
  CC      net/ipv4/igmp.o
  CC      fs/proc/consoles.o
  CC      drivers/usb/core/buffer.o
  CC      fs/proc/cpuinfo.o
  CC      fs/sysfs/symlink.o
  CC      net/ipv4/fib_frontend.o
  CC      kernel/kallsyms.o
  CC      lib/fonts/fonts.o
  CC      fs/devpts/inode.o
  CC      net/sunrpc/stats.o
  CC      lib/sbitmap.o
  CC      fs/proc/devices.o
  CC      lib/fonts/font_8x8.o
  CC      drivers/usb/core/sysfs.o
  CC      fs/sysfs/mount.o
  CC      lib/fonts/font_8x16.o
  CC      drivers/mtd/ubi/build.o
  CC      drivers/gpu/drm/drm_connector.o
  AR      lib/fonts/built-in.a
  CC      drivers/net/ethernet/smsc/smsc911x.o
  AR      fs/devpts/built-in.a
  CC      fs/proc/interrupts.o
  CC      fs/ext4/balloc.o
  CC      fs/sysfs/group.o
  CC      lib/devmem_is_allowed.o
  CC      drivers/usb/isp1760/isp1760-core.o
  AR      lib/lib.a
  AR      lib/built-in.a
  CC      fs/proc/loadavg.o
  CC      drivers/gpu/drm/drm_blend.o
  CC      drivers/mtd/ubi/cdev.o
  AR      fs/sysfs/built-in.a
  CC      net/sunrpc/sysctl.o
  CC      drivers/input/input.o
  CC      drivers/usb/core/endpoint.o
  CC      drivers/usb/isp1760/isp1760-if.o
  CC      fs/ext4/bitmap.o
  CC      fs/ext4/block_validity.o
  CC      fs/proc/meminfo.o
  AR      net/sunrpc/built-in.a
  CC      drivers/net/net_failover.o
  CC      drivers/usb/core/devio.o
  CC      net/ipv4/fib_semantics.o
  CC      drivers/usb/mon/mon_main.o
  CC      drivers/usb/isp1760/isp1760-hcd.o
  CC      drivers/gpu/drm/drm_encoder.o
  CC      drivers/usb/core/notify.o
  CC      drivers/mtd/ubi/kapi.o
  AR      drivers/net/ethernet/smsc/built-in.a
  AR      drivers/net/ethernet/built-in.a
  CC      drivers/rtc/lib.o
  CC      drivers/input/input-compat.o
  CC      fs/proc/stat.o
  CC      drivers/usb/mon/mon_stat.o
  CC      fs/ext4/dir.o
  CC      kernel/cgroup/cgroup.o
  CC      kernel/cgroup/rstat.o
  CC      drivers/mtd/ubi/eba.o
  CC      drivers/usb/mon/mon_text.o
  CC      drivers/rtc/class.o
  CC      drivers/input/input-mt.o
  AR      drivers/net/built-in.a
  CC      drivers/input/input-poller.o
  CC      fs/proc/uptime.o
  CC      net/ipv4/fib_trie.o
  CC      drivers/gpu/drm/drm_mode_object.o
  CC      fs/ext2/balloc.o
  CC      drivers/usb/mon/mon_bin.o
  CC      fs/proc/util.o
  CC      fs/proc/version.o
  CC      drivers/input/ff-core.o
  AR      drivers/usb/isp1760/built-in.a
  CC      drivers/rtc/interface.o
  CC      drivers/usb/core/generic.o
  CC      fs/ext4/ext4_jbd2.o
  CC      drivers/mtd/ubi/io.o
  CC      drivers/i2c/i2c-boardinfo.o
  CC      fs/proc/softirqs.o
  CC      drivers/gpu/drm/drm_property.o
  CC      drivers/input/touchscreen.o
  CC      fs/jbd2/transaction.o
  CC      fs/proc/namespaces.o
  CC      fs/ext2/dir.o
  CC      drivers/usb/core/quirks.o
  CC      fs/ext2/file.o
  CC      drivers/i2c/i2c-core-base.o
  AR      drivers/usb/mon/built-in.a
  CC      fs/ext2/ialloc.o
  CC      drivers/input/ff-memless.o
  CC      fs/proc/self.o
  CC      drivers/mtd/ubi/wl.o
  CC      fs/ext4/extents.o
  CC      drivers/rtc/nvmem.o
  CC      drivers/gpu/drm/drm_plane.o
  CC      fs/proc/thread_self.o
  CC      net/ipv4/fib_notifier.o
  CC      drivers/usb/core/devices.o
  CC      drivers/rtc/dev.o
  CC      kernel/cgroup/namespace.o
  CC      fs/jbd2/commit.o
  CC      drivers/input/input-leds.o
  CC      fs/proc/proc_sysctl.o
  CC      fs/ext2/inode.o
  CC      drivers/rtc/proc.o
  CC      drivers/input/evdev.o
  CC      drivers/usb/core/phy.o
  CC      drivers/gpu/drm/drm_color_mgmt.o
  CC      drivers/pps/pps.o
  CC      drivers/ptp/ptp_clock.o
  CC      drivers/mtd/ubi/attach.o
  CC      net/ipv4/inet_fragment.o
  CC      drivers/rtc/sysfs.o
  CC      drivers/i2c/i2c-core-smbus.o
  CC      fs/jbd2/recovery.o
  CC      fs/proc/proc_net.o
  CC      drivers/pps/kapi.o
  CC      drivers/usb/core/port.o
  CC      fs/ext2/ioctl.o
  CC      drivers/ptp/ptp_chardev.o
  CC      drivers/input/keyboard/atkbd.o
  CC      drivers/rtc/rtc-pl031.o
  CC      drivers/gpu/drm/drm_print.o
  CC      drivers/pps/sysfs.o
  CC      fs/proc/kmsg.o
  CC      fs/ext2/namei.o
  CC      fs/jbd2/checkpoint.o
  CC      fs/proc/page.o
  CC      drivers/gpu/drm/drm_dumb_buffers.o
  CC      drivers/i2c/i2c-core-of.o
  CC      drivers/usb/core/of.o
  AR      drivers/pps/built-in.a
  AR      drivers/rtc/built-in.a
  CC      drivers/mtd/ubi/misc.o
  CC      drivers/power/reset/vexpress-poweroff.o
  CC      drivers/ptp/ptp_sysfs.o
  CC      fs/ext2/super.o
  CC      drivers/gpu/drm/drm_mode_config.o
  AR      drivers/power/reset/built-in.a
  CC      net/ipv4/ping.o
  CC      drivers/power/supply/power_supply_core.o
  AR      drivers/input/keyboard/built-in.a
  CC      drivers/input/mouse/psmouse-base.o
  CC      kernel/cgroup/cgroup-v1.o
  CC      fs/jbd2/revoke.o
  CC      kernel/cgroup/freezer.o
  CC      drivers/mtd/ubi/debug.o
  AR      drivers/usb/core/built-in.a
  AR      fs/proc/built-in.a
  CC      drivers/power/supply/power_supply_sysfs.o
  CC      drivers/usb/storage/scsiglue.o
  CC      drivers/ptp/ptp_vclock.o
  CC      drivers/i2c/i2c-mux.o
  CC      drivers/gpu/drm/drm_vblank.o
  CC      drivers/gpu/drm/drm_syncobj.o
  CC      fs/ext2/symlink.o
  CC      drivers/power/supply/power_supply_leds.o
  AR      drivers/mtd/ubi/built-in.a
  AR      drivers/mtd/built-in.a
  CC      kernel/stop_machine.o
  CC      fs/jbd2/journal.o
  CC      drivers/input/mouse/synaptics.o
  CC      drivers/usb/storage/protocol.o
  CC      fs/ext4/extents_status.o
  CC      drivers/input/mouse/focaltech.o
  CC      kernel/cgroup/cpuset.o
  AR      fs/ext2/built-in.a
  CC      drivers/ptp/ptp_kvm_arm.o
  CC      drivers/power/supply/power_supply_hwmon.o
  CC      net/ipv4/ip_tunnel_core.o
  CC      drivers/ptp/ptp_kvm_common.o
  AR      drivers/power/supply/built-in.a
  CC      drivers/i2c/algos/i2c-algo-bit.o
  AR      drivers/power/built-in.a
  CC      drivers/hwmon/hwmon.o
  CC      drivers/usb/storage/transport.o
  CC      fs/ext4/file.o
  CC      drivers/input/mouse/alps.o
  CC      fs/cramfs/inode.o
  AR      drivers/ptp/built-in.a
  CC      drivers/gpu/drm/drm_lease.o
  CC      drivers/i2c/busses/i2c-versatile.o
  CC      drivers/usb/storage/usb.o
  AR      drivers/i2c/algos/built-in.a
  CC      fs/ext4/fsmap.o
  CC      fs/ext4/fsync.o
  CC      drivers/usb/storage/initializers.o
  CC      fs/cramfs/uncompress.o
  AR      fs/cramfs/built-in.a
  CC      drivers/hwmon/vexpress-hwmon.o
  CC      net/ipv4/gre_offload.o
  AR      drivers/i2c/busses/built-in.a
  CC      kernel/hung_task.o
  AR      drivers/i2c/built-in.a
  CC      drivers/input/mouse/byd.o
  CC      drivers/opp/core.o
  CC      drivers/gpu/drm/drm_writeback.o
  CC      drivers/cpuidle/cpuidle.o
  AR      drivers/hwmon/built-in.a
  CC      drivers/mmc/core/core.o
  CC      drivers/mmc/host/mmci.o
  CC      drivers/usb/storage/sierra_ms.o
  CC      fs/ext4/hash.o
  CC      drivers/gpu/drm/drm_client.o
  CC      fs/squashfs/block.o
  AR      fs/jbd2/built-in.a
  CC      drivers/cpuidle/driver.o
  AR      kernel/cgroup/built-in.a
  CC      drivers/opp/cpu.o
  CC      drivers/input/mouse/logips2pp.o
  CC      kernel/seccomp.o
  CC      net/ipv4/metrics.o
  CC      drivers/mmc/host/mmci_stm32_sdmmc.o
  CC      drivers/leds/led-core.o
  CC      drivers/usb/storage/option_ms.o
  CC      drivers/cpuidle/governor.o
  CC      fs/ext4/ialloc.o
  CC      fs/squashfs/cache.o
  CC      fs/ext4/indirect.o
  CC      drivers/gpu/drm/drm_client_modeset.o
  CC      drivers/input/mouse/trackpoint.o
  CC      drivers/mmc/core/bus.o
  CC      drivers/cpuidle/sysfs.o
  CC      drivers/leds/led-class.o
  CC      drivers/usb/storage/usual-tables.o
  CC      fs/squashfs/dir.o
  AR      drivers/mmc/host/built-in.a
  CC      drivers/firmware/psci/psci.o
  CC      drivers/opp/of.o
  CC      net/ipv4/netlink.o
  CC      drivers/firmware/smccc/smccc.o
  CC      drivers/cpuidle/governors/ladder.o
  CC      fs/squashfs/export.o
  CC      drivers/input/mouse/cypress_ps2.o
  CC      drivers/mmc/core/host.o
  AR      drivers/usb/storage/built-in.a
  CC      drivers/leds/led-triggers.o
  AR      drivers/usb/built-in.a
  CC      drivers/gpu/drm/drm_atomic_uapi.o
  CC      drivers/firmware/smccc/kvm_guest.o
  CC      kernel/utsname_sysctl.o
  CC      drivers/firmware/smccc/soc_id.o
  AR      drivers/cpuidle/governors/built-in.a
  AR      drivers/cpuidle/built-in.a
  CC      fs/ext4/inline.o
  CC      kernel/tracepoint.o
  CC      fs/squashfs/file.o
  CC      net/ipv4/nexthop.o
  AR      drivers/opp/built-in.a
  CC      fs/ramfs/inode.o
  CC      drivers/mmc/core/mmc.o
  AR      drivers/firmware/smccc/built-in.a
  CC      drivers/gpu/drm/drm_hdcp.o
  AR      drivers/firmware/psci/built-in.a
  AR      drivers/firmware/built-in.a
  CC      drivers/input/mouse/psmouse-smbus.o
  CC      drivers/leds/leds-gpio.o
  CC      fs/squashfs/fragment.o
  CC      fs/fat/cache.o
  CC      kernel/trace/trace_clock.o
  CC      fs/exportfs/expfs.o
  CC      fs/ramfs/file-mmu.o
  CC      fs/nfs/client.o
  CC      net/ipv4/udp_tunnel_stub.o
  CC      kernel/trace/ring_buffer.o
  CC      drivers/leds/trigger/ledtrig-heartbeat.o
  CC      fs/squashfs/id.o
  AR      drivers/input/mouse/built-in.a
  AR      drivers/input/built-in.a
  CC      drivers/gpu/drm/drm_managed.o
  CC      fs/ext4/inode.o
  CC      fs/fat/dir.o
  CC      drivers/mmc/core/mmc_ops.o
  AR      fs/ramfs/built-in.a
  CC      kernel/trace/trace.o
  AR      fs/exportfs/built-in.a
  CC      kernel/trace/trace_output.o
  CC      drivers/leds/trigger/ledtrig-cpu.o
  CC      fs/squashfs/inode.o
  CC      fs/nfs/dir.o
  AR      drivers/leds/trigger/built-in.a
  AR      drivers/leds/built-in.a
  CC      fs/ext4/ioctl.o
  CC      drivers/gpu/drm/drm_vblank_work.o
  CC      drivers/mmc/core/sd.o
  CC      kernel/irq_work.o
  CC      fs/squashfs/namei.o
  CC      fs/lockd/clntlock.o
  CC      fs/nfs/file.o
  CC      drivers/gpu/drm/drm_gem_cma_helper.o
  CC      net/ipv4/sysctl_net_ipv4.o
  CC      fs/squashfs/super.o
  CC      fs/fat/fatent.o
  CC      fs/nfs/getroot.o
  CC      drivers/gpu/drm/drm_panel.o
  CC      fs/ext4/mballoc.o
  CC      fs/squashfs/symlink.o
  CC      fs/lockd/clntproc.o
  CC      drivers/mmc/core/sd_ops.o
  CC      drivers/clocksource/timer-of.o
  CC      fs/squashfs/decompressor.o
  CC      fs/nls/nls_base.o
  CC      drivers/gpu/drm/drm_of.o
  CC      drivers/clocksource/timer-probe.o
  CC      net/ipv4/proc.o
  CC      fs/nls/nls_cp437.o
  CC      fs/squashfs/file_cache.o
  CC      drivers/mmc/core/sdio.o
  CC      kernel/cpu_pm.o
  CC      fs/fat/file.o
  CC      fs/fat/inode.o
  CC      fs/nls/nls_iso8859-1.o
  CC      drivers/clocksource/mmio.o
  CC      fs/nfs/inode.o
  CC      fs/lockd/clntxdr.o
  AR      fs/nls/built-in.a
  CC      drivers/clocksource/arm_arch_timer.o
  CC      drivers/gpu/drm/drm_panel_orientation_quirks.o
  CC      net/ipv4/ipconfig.o
  CC      fs/squashfs/decompressor_single.o
  CC      fs/nfs/super.o
  CC      fs/squashfs/lzo_wrapper.o
  CC      drivers/gpu/drm/panel/panel-simple.o
  CC      fs/ext4/migrate.o
  CC      drivers/mmc/core/sdio_ops.o
  CC      drivers/clocksource/arm_global_timer.o
  CC      net/ipv4/inet_diag.o
  CC      fs/ext4/mmp.o
  CC      fs/squashfs/zlib_wrapper.o
  CC      fs/lockd/host.o
  CC      drivers/clocksource/timer-sp804.o
  CC      fs/fat/misc.o
  CC      drivers/mmc/core/sdio_bus.o
  CC      fs/nfs/io.o
  CC      kernel/trace/trace_seq.o
  AR      fs/squashfs/built-in.a
  CC      kernel/trace/trace_stat.o
  CC      fs/ext4/move_extent.o
  CC      drivers/clocksource/dummy_timer.o
  CC      drivers/hid/hid-core.o
  CC      net/ipv4/tcp_diag.o
  CC      drivers/gpu/drm/bridge/sii902x.o
  AR      drivers/gpu/drm/panel/built-in.a
  CC      fs/lockd/svc.o
  CC      fs/fat/nfs.o
  CC      drivers/clocksource/timer-versatile.o
  AR      drivers/clocksource/built-in.a
  CC      drivers/mmc/core/sdio_cis.o
  CC      fs/jffs2/compr.o
  CC      kernel/bpf/core.o
  CC      fs/nfs/direct.o
  CC      kernel/trace/trace_printk.o
  CC      fs/fat/namei_vfat.o
  CC      fs/lockd/svclock.o
  CC      fs/nfs/pagelist.o
  CC      fs/lockd/svcshare.o
  CC      net/ipv4/tcp_cubic.o
  CC      fs/jffs2/dir.o
  CC      fs/ext4/namei.o
  CC      drivers/mmc/core/sdio_io.o
  CC      kernel/trace/trace_sched_switch.o
  AR      drivers/gpu/drm/bridge/built-in.a
  CC      drivers/gpu/drm/pl111/pl111_display.o
  CC      drivers/of/base.o
  AR      fs/fat/built-in.a
  CC      drivers/hid/hid-input.o
  CC      kernel/trace/trace_nop.o
  CC      fs/jffs2/file.o
  CC      fs/nfs/read.o
  CC      kernel/trace/blktrace.o
  CC      fs/lockd/svcproc.o
  CC      kernel/trace/trace_events.o
  CC      drivers/mmc/core/sdio_irq.o
  AR      net/ipv4/built-in.a
  AR      net/built-in.a
  CC      fs/ext4/page-io.o
  CC      fs/jffs2/ioctl.o
  CC      fs/jffs2/nodelist.o
  CC      drivers/gpu/drm/pl111/pl111_versatile.o
  CC      drivers/gpu/drm/pl111/pl111_drv.o
  CC      drivers/hid/hid-quirks.o
  CC      drivers/mmc/core/slot-gpio.o
  CC      fs/ubifs/shrinker.o
  CC      fs/9p/vfs_super.o
  CC      fs/9p/vfs_inode.o
  CC      drivers/of/device.o
  CC      drivers/perf/arm_pmu.o
  CC      fs/nfs/symlink.o
  CC      fs/jffs2/malloc.o
  CC      fs/lockd/svcsubs.o
  AR      drivers/gpu/drm/pl111/built-in.a
  AR      drivers/gpu/drm/built-in.a
  AR      drivers/gpu/built-in.a
  CC      kernel/trace/trace_export.o
  AR      kernel/bpf/built-in.a
  CC      drivers/perf/arm_pmu_platform.o
  CC      drivers/mmc/core/regulator.o
  CC      fs/ubifs/journal.o
  CC      fs/jffs2/read.o
  CC      drivers/hid/hid-generic.o
  CC      drivers/of/platform.o
  CC      fs/nfs/unlink.o
  CC      fs/nfs/write.o
  CC      kernel/trace/trace_event_perf.o
  AR      drivers/perf/built-in.a
  CC      fs/tracefs/inode.o
  CC      fs/jffs2/nodemgmt.o
  CC      fs/9p/vfs_inode_dotl.o
  CC      fs/9p/vfs_addr.o
  CC      fs/ext4/readpage.o
  CC      drivers/mmc/core/pwrseq.o
  CC      fs/nfs/namespace.o
  CC      drivers/hid/hid-a4tech.o
  CC      fs/lockd/mon.o
  AR      fs/tracefs/built-in.a
  CC      drivers/hid/hid-apple.o
  CC      fs/nfs/mount_clnt.o
  CC      fs/ubifs/file.o
  CC      drivers/of/property.o
  CC      kernel/trace/trace_events_filter.o
  CC      drivers/mmc/core/pwrseq_simple.o
  CC      fs/jffs2/readinode.o
  CC      kernel/events/core.o
  CC      fs/9p/vfs_file.o
  CC      kernel/trace/trace_events_trigger.o
  CC      fs/ext4/resize.o
  CC      drivers/hid/hid-belkin.o
  CC      drivers/mmc/core/pwrseq_emmc.o
  CC      fs/nfs/nfstrace.o
  CC      drivers/of/kobj.o
  CC      fs/ubifs/dir.o
  CC      fs/lockd/xdr.o
  CC      kernel/trace/trace_eprobe.o
  CC      drivers/mmc/core/block.o
  CC      drivers/hid/hid-cherry.o
  CC      drivers/of/fdt.o
  CC      drivers/hid/hid-chicony.o
  CC      fs/nfs/export.o
  CC      fs/9p/vfs_dir.o
  CC      fs/jffs2/write.o
  CC      fs/nfs/sysfs.o
  CC      kernel/iomem.o
  CC      drivers/hid/hid-cypress.o
  CC      fs/9p/vfs_dentry.o
  CC      drivers/of/fdt_address.o
  CC      fs/jffs2/scan.o
  CC      kernel/events/ring_buffer.o
  CC      drivers/hid/hid-dr.o
  CC      kernel/trace/error_report-traces.o
  CC      drivers/of/address.o
  CC      kernel/events/callchain.o
  CC      fs/lockd/clnt4xdr.o
  CC      fs/ubifs/super.o
  CC      fs/9p/v9fs.o
  CC      drivers/hid/hid-ezkey.o
  CC      fs/nfs/fs_context.o
  CC      fs/ext4/super.o
  CC      fs/9p/fid.o
  CC      fs/jffs2/gc.o
  CC      kernel/trace/power-traces.o
  CC      drivers/mmc/core/queue.o
  CC      drivers/hid/hid-gyration.o
  CC      fs/ubifs/sb.o
  CC      kernel/rseq.o
  CC      drivers/of/irq.o
  CC      fs/lockd/xdr4.o
  CC      drivers/hid/hid-ite.o
  CC      fs/9p/xattr.o
  CC      drivers/nvmem/core.o
  CC      fs/ext4/symlink.o
  CC      drivers/hid/hid-kensington.o
  AR      drivers/mmc/core/built-in.a
  AR      drivers/mmc/built-in.a
  CC      kernel/events/hw_breakpoint.o
  CC      kernel/events/uprobes.o
  AR      fs/9p/built-in.a
  CC      fs/ext4/sysfs.o
  CC      drivers/of/of_net.o
  CC      fs/nfs/nfsroot.o
  CC      fs/jffs2/symlink.o
  CC      fs/lockd/svc4proc.o
  CC      drivers/hid/hid-lg.o
  CC      fs/ubifs/io.o
  CC      fs/jffs2/build.o
  CC      fs/jffs2/erase.o
  CC      kernel/trace/rpm-traces.o
  AR      drivers/nvmem/built-in.a
  CC      drivers/hid/hid-lg-g15.o
  CC      fs/lockd/procfs.o
  CC      kernel/trace/trace_dynevent.o
  CC      drivers/of/of_reserved_mem.o
  CC      fs/ubifs/tnc.o
  CC      fs/jffs2/background.o
  CC      fs/nfs/sysctl.o
  CC      drivers/hid/hid-microsoft.o
  CC      fs/jffs2/fs.o
  CC      kernel/configs.o
  CC      fs/nfs/nfs2super.o
  AR      fs/lockd/built-in.a
  CC      fs/ext4/xattr.o
  CC      fs/jffs2/writev.o
  CC      fs/nfs/proc.o
  AR      drivers/of/built-in.a
  CC      kernel/trace/trace_probe.o
  CC      kernel/trace/trace_uprobe.o
  CC      fs/jffs2/super.o
  CC      fs/jffs2/debug.o
  CC      drivers/hid/hid-monterey.o
  CC      fs/nfs/nfs2xdr.o
  CC      fs/jffs2/wbuf.o
  CC      fs/ubifs/master.o
  CC      fs/ubifs/scan.o
  CC      fs/ext4/xattr_hurd.o
  CC      drivers/hid/hid-ntrig.o
  CC      fs/nfs/nfs3super.o
  CC      fs/ubifs/replay.o
  CC      drivers/hid/hid-pl.o
  CC      fs/ext4/xattr_trusted.o
  CC      fs/nfs/nfs3client.o
  CC      fs/jffs2/compr_rtime.o
  CC      fs/ext4/xattr_user.o
  CC      fs/nfs/nfs3proc.o
  AR      kernel/events/built-in.a
  CC      fs/jffs2/compr_zlib.o
  CC      drivers/hid/hid-petalynx.o
  CC      fs/nfs/nfs3xdr.o
  CC      fs/ext4/fast_commit.o
  AR      kernel/trace/built-in.a
  AR      kernel/built-in.a
  CC      fs/ext4/orphan.o
  CC      drivers/hid/hid-redragon.o
  CC      fs/ubifs/log.o
  CC      drivers/hid/hid-samsung.o
  CC      drivers/hid/hid-sjoy.o
  CC      fs/ubifs/commit.o
  AR      fs/jffs2/built-in.a
  CC      fs/ubifs/gc.o
  CC      drivers/hid/hid-sony.o
  CC      fs/ubifs/orphan.o
  CC      fs/ubifs/budget.o
  CC      drivers/hid/hid-sunplus.o
  CC      drivers/hid/hid-gaff.o
  CC      fs/ubifs/find.o
  CC      drivers/hid/hid-tmff.o
  CC      fs/ubifs/tnc_commit.o
  CC      drivers/hid/hid-thrustmaster.o
  CC      fs/ubifs/compress.o
  CC      drivers/hid/hid-topseed.o
  CC      fs/ubifs/lpt.o
  CC      fs/ubifs/lprops.o
  CC      drivers/hid/hid-twinhan.o
  CC      drivers/hid/hid-zpff.o
  CC      fs/ubifs/recovery.o
  CC      fs/ubifs/ioctl.o
  CC      drivers/hid/usbhid/hid-core.o
  CC      fs/ubifs/lpt_commit.o
  CC      fs/ubifs/tnc_misc.o
  CC      fs/ubifs/debug.o
  CC      fs/ubifs/misc.o
  CC      fs/ubifs/xattr.o
  AR      fs/nfs/built-in.a
  AR      drivers/hid/usbhid/built-in.a
  AR      drivers/hid/built-in.a
  AR      drivers/built-in.a
  AR      fs/ubifs/built-in.a
  AR      fs/ext4/built-in.a
  AR      fs/built-in.a
  GEN     .version
  CHK     include/generated/compile.h
  UPD     include/generated/compile.h
  CC      init/version.o
  AR      init/built-in.a
  LD      vmlinux.o
arm-linux-gnueabihf-ld: warning: arch/arm/lib/ucmpdi2.o: missing .note.GNU-stack section implies executable stack
arm-linux-gnueabihf-ld: NOTE: This behaviour is deprecated and will be removed in a future version of the linker
  MODPOST vmlinux.symvers
  MODINFO modules.builtin.modinfo
  GEN     modules.builtin
  LD      .tmp_vmlinux.kallsyms1
arm-linux-gnueabihf-ld: warning: arch/arm/lib/ucmpdi2.o: missing .note.GNU-stack section implies executable stack
arm-linux-gnueabihf-ld: NOTE: This behaviour is deprecated and will be removed in a future version of the linker
  KSYMS   .tmp_vmlinux.kallsyms1.S
  AS      .tmp_vmlinux.kallsyms1.S
  LD      .tmp_vmlinux.kallsyms2
arm-linux-gnueabihf-ld: warning: .tmp_vmlinux.kallsyms1.o: missing .note.GNU-stack section implies executable stack
arm-linux-gnueabihf-ld: NOTE: This behaviour is deprecated and will be removed in a future version of the linker
  KSYMS   .tmp_vmlinux.kallsyms2.S
  AS      .tmp_vmlinux.kallsyms2.S
  LD      vmlinux
arm-linux-gnueabihf-ld: warning: .tmp_vmlinux.kallsyms2.o: missing .note.GNU-stack section implies executable stack
arm-linux-gnueabihf-ld: NOTE: This behaviour is deprecated and will be removed in a future version of the linker
  SORTTAB vmlinux
  SYSMAP  System.map
  OBJCOPY arch/arm/boot/Image
  MODPOST modules-only.symvers
  GEN     Module.symvers
  Kernel: arch/arm/boot/Image is ready
  GZIP    arch/arm/boot/compressed/piggy_data
  AS      arch/arm/boot/compressed/head.o
  CC      arch/arm/boot/compressed/misc.o
  CC      arch/arm/boot/compressed/decompress.o
  AS      arch/arm/boot/compressed/hyp-stub.o
  CC      arch/arm/boot/compressed/fdt_check_mem_start.o
  AS      arch/arm/boot/compressed/lib1funcs.o
  AS      arch/arm/boot/compressed/ashldi3.o
  AS      arch/arm/boot/compressed/bswapsdi2.o
  AS      arch/arm/boot/compressed/piggy.o
  LD      arch/arm/boot/compressed/vmlinux
arm-linux-gnueabihf-ld: warning: arch/arm/boot/compressed/bswapsdi2.o: missing .note.GNU-stack section implies executable stack
arm-linux-gnueabihf-ld: NOTE: This behaviour is deprecated and will be removed in a future version of the linker
arm-linux-gnueabihf-ld: warning: arch/arm/boot/compressed/vmlinux has a LOAD segment with RWX permissions
  OBJCOPY arch/arm/boot/zImage
  Kernel: arch/arm/boot/zImage is ready
