===================== WARNING ======================
CONFIG_OF_EMBED is enabled. This option should only
be used for debugging purposes. Please use
CONFIG_OF_SEPARATE for boards in mainline.
See doc/README.fdt-control for more info.
  ENVC    include/generated/env.txt
====================================================
  UPD     include/generated/timestamp_autogenerated.h
  ENVP    include/generated/env.in
  ENVT    include/generated/environment.h
===================== WARNING ======================
This board does not use CONFIG_TIMER (Driver Model
for Timer drivers). Please update the board to use
CONFIG_TIMER before the v2023.01 release. Failure to
update by the deadline may result in board removal.
See doc/develop/driver-model/migration.rst for more info.
====================================================
===================== WARNING ======================
This board does not use CONFIG_DM_SERIAL (Driver Model
for Serial drivers). Please update the board to use
CONFIG_DM_SERIAL before the v2023.04 release. Failure to
update by the deadline may result in board removal.
See doc/develop/driver-model/migration.rst for more info.
====================================================
  CFGCHK  u-boot.cfg
  CC      env/common.o
  CC      cmd/version.o
  CC      lib/efi_loader/dtbdump.o
  CC      lib/efi_loader/initrddump.o
  AR      cmd/built-in.o
  LD      lib/efi_loader/initrddump_efi.so
arm-linux-gnueabihf-ld.bfd: warning: lib/efi_loader/efi_crt0.o: missing .note.GNU-stack section implies executable stack
arm-linux-gnueabihf-ld.bfd: NOTE: This behaviour is deprecated and will be removed in a future version of the linker
arm-linux-gnueabihf-ld.bfd: warning: lib/efi_loader/initrddump_efi.so has a LOAD segment with RWX permissions
  OBJCOPY lib/efi_loader/initrddump.efi
  LD      lib/efi_loader/dtbdump_efi.so
arm-linux-gnueabihf-ld.bfd: warning: lib/efi_loader/efi_crt0.o: missing .note.GNU-stack section implies executable stack
arm-linux-gnueabihf-ld.bfd: NOTE: This behaviour is deprecated and will be removed in a future version of the linker
arm-linux-gnueabihf-ld.bfd: warning: lib/efi_loader/dtbdump_efi.so has a LOAD segment with RWX permissions
  OBJCOPY lib/efi_loader/dtbdump.efi
  AR      env/built-in.o
  LD      u-boot
  OFCHK   .config
arm-linux-gnueabihf-ld.bfd: warning: arch/arm/lib/lib1funcs.o: missing .note.GNU-stack section implies executable stack
arm-linux-gnueabihf-ld.bfd: NOTE: This behaviour is deprecated and will be removed in a future version of the linker
arm-linux-gnueabihf-ld.bfd: warning: u-boot has a LOAD segment with RWX permissions
  OBJCOPY u-boot.srec
  OBJCOPY u-boot-nodtb.bin
  SYM     u-boot.sym
  COPY    u-boot.bin
